<?xml version="1.0" encoding="ISO-8859-1" ?>
<link_info>
   <banner>TI ARM Linker PC v20.2.4.LTS</banner>
   <copyright>Copyright (c) 1996-2018 Texas Instruments Incorporated</copyright>
   <link_time>0x60242f4e</link_time>
   <link_errors>0x0</link_errors>
   <output_file>ece230capstoneCapBro.out</output_file>
   <entry_point>
      <name>_c_int00_noargs</name>
      <address>0xdb1</address>
   </entry_point>
   <input_file_list>
      <input_file id="fl-2">
         <path>.\</path>
         <kind>object</kind>
         <file>LED.obj</file>
         <name>LED.obj</name>
      </input_file>
      <input_file id="fl-3">
         <path>.\</path>
         <kind>object</kind>
         <file>Switches.obj</file>
         <name>Switches.obj</name>
      </input_file>
      <input_file id="fl-4">
         <path>.\</path>
         <kind>object</kind>
         <file>delays.obj</file>
         <name>delays.obj</name>
      </input_file>
      <input_file id="fl-5">
         <path>.\</path>
         <kind>object</kind>
         <file>lcd.obj</file>
         <name>lcd.obj</name>
      </input_file>
      <input_file id="fl-6">
         <path>.\</path>
         <kind>object</kind>
         <file>main.obj</file>
         <name>main.obj</name>
      </input_file>
      <input_file id="fl-7">
         <path>.\</path>
         <kind>object</kind>
         <file>system_msp432p401r.obj</file>
         <name>system_msp432p401r.obj</name>
      </input_file>
      <input_file id="fl-8">
         <path>.\ccs\</path>
         <kind>object</kind>
         <file>startup_msp432p401r_ccs.obj</file>
         <name>startup_msp432p401r_ccs.obj</name>
      </input_file>
      <input_file id="fl-12">
         <kind>object</kind>
         <file>&lt;internal&gt;</file>
         <name>&lt;internal&gt;</name>
      </input_file>
      <input_file id="fl-13">
         <path>C:\ti\simplelink_msp432p4_sdk_3_40_01_02\source\ti\devices\msp432p4xx\driverlib\ccs\</path>
         <kind>archive</kind>
         <file>msp432p4xx_driverlib.lib</file>
         <name>adc14.o</name>
      </input_file>
      <input_file id="fl-14">
         <path>C:\ti\simplelink_msp432p4_sdk_3_40_01_02\source\ti\devices\msp432p4xx\driverlib\ccs\</path>
         <kind>archive</kind>
         <file>msp432p4xx_driverlib.lib</file>
         <name>cs.o</name>
      </input_file>
      <input_file id="fl-15">
         <path>C:\ti\simplelink_msp432p4_sdk_3_40_01_02\source\ti\devices\msp432p4xx\driverlib\ccs\</path>
         <kind>archive</kind>
         <file>msp432p4xx_driverlib.lib</file>
         <name>fpu.o</name>
      </input_file>
      <input_file id="fl-16">
         <path>C:\ti\simplelink_msp432p4_sdk_3_40_01_02\source\ti\devices\msp432p4xx\driverlib\ccs\</path>
         <kind>archive</kind>
         <file>msp432p4xx_driverlib.lib</file>
         <name>gpio.o</name>
      </input_file>
      <input_file id="fl-17">
         <path>C:\ti\simplelink_msp432p4_sdk_3_40_01_02\source\ti\devices\msp432p4xx\driverlib\ccs\</path>
         <kind>archive</kind>
         <file>msp432p4xx_driverlib.lib</file>
         <name>interrupt.o</name>
      </input_file>
      <input_file id="fl-18">
         <path>C:\ti\simplelink_msp432p4_sdk_3_40_01_02\source\ti\devices\msp432p4xx\driverlib\ccs\</path>
         <kind>archive</kind>
         <file>msp432p4xx_driverlib.lib</file>
         <name>sysctl_a.o</name>
      </input_file>
      <input_file id="fl-19">
         <path>C:\ti\simplelink_msp432p4_sdk_3_40_01_02\source\ti\devices\msp432p4xx\driverlib\ccs\</path>
         <kind>archive</kind>
         <file>msp432p4xx_driverlib.lib</file>
         <name>systick.o</name>
      </input_file>
      <input_file id="fl-1a">
         <path>C:\ti\simplelink_msp432p4_sdk_3_40_01_02\source\ti\devices\msp432p4xx\driverlib\ccs\</path>
         <kind>archive</kind>
         <file>msp432p4xx_driverlib.lib</file>
         <name>timer32.o</name>
      </input_file>
      <input_file id="fl-1b">
         <path>C:\ti\simplelink_msp432p4_sdk_3_40_01_02\source\ti\devices\msp432p4xx\driverlib\ccs\</path>
         <kind>archive</kind>
         <file>msp432p4xx_driverlib.lib</file>
         <name>wdt_a.o</name>
      </input_file>
      <input_file id="fl-1c">
         <path>C:\ti\simplelink_msp432p4_sdk_3_40_01_02\source\ti\devices\msp432p4xx\driverlib\ccs\</path>
         <kind>archive</kind>
         <file>msp432p4xx_driverlib.lib</file>
         <name>cpu.o</name>
      </input_file>
      <input_file id="fl-d2">
         <path>C:\ti\ccs1011\ccs\tools\compiler\ti-cgt-arm_20.2.4.LTS\lib\</path>
         <kind>archive</kind>
         <file>rtsv7M4_T_le_v4SPD16_eabi.lib</file>
         <name>ull_div_t2.asm.obj</name>
      </input_file>
      <input_file id="fl-d3">
         <path>C:\ti\ccs1011\ccs\tools\compiler\ti-cgt-arm_20.2.4.LTS\lib\</path>
         <kind>archive</kind>
         <file>rtsv7M4_T_le_v4SPD16_eabi.lib</file>
         <name>memset_t2.asm.obj</name>
      </input_file>
      <input_file id="fl-d4">
         <path>C:\ti\ccs1011\ccs\tools\compiler\ti-cgt-arm_20.2.4.LTS\lib\</path>
         <kind>archive</kind>
         <file>rtsv7M4_T_le_v4SPD16_eabi.lib</file>
         <name>ll_mul_t2.asm.obj</name>
      </input_file>
      <input_file id="fl-d5">
         <path>C:\ti\ccs1011\ccs\tools\compiler\ti-cgt-arm_20.2.4.LTS\lib\</path>
         <kind>archive</kind>
         <file>rtsv7M4_T_le_v4SPD16_eabi.lib</file>
         <name>copy_zero_init.c.obj</name>
      </input_file>
      <input_file id="fl-d6">
         <path>C:\ti\ccs1011\ccs\tools\compiler\ti-cgt-arm_20.2.4.LTS\lib\</path>
         <kind>archive</kind>
         <file>rtsv7M4_T_le_v4SPD16_eabi.lib</file>
         <name>copy_decompress_none.c.obj</name>
      </input_file>
      <input_file id="fl-d7">
         <path>C:\ti\ccs1011\ccs\tools\compiler\ti-cgt-arm_20.2.4.LTS\lib\</path>
         <kind>archive</kind>
         <file>rtsv7M4_T_le_v4SPD16_eabi.lib</file>
         <name>copy_decompress_lzss.c.obj</name>
      </input_file>
      <input_file id="fl-d8">
         <path>C:\ti\ccs1011\ccs\tools\compiler\ti-cgt-arm_20.2.4.LTS\lib\</path>
         <kind>archive</kind>
         <file>rtsv7M4_T_le_v4SPD16_eabi.lib</file>
         <name>rand.c.obj</name>
      </input_file>
      <input_file id="fl-d9">
         <path>C:\ti\ccs1011\ccs\tools\compiler\ti-cgt-arm_20.2.4.LTS\lib\</path>
         <kind>archive</kind>
         <file>rtsv7M4_T_le_v4SPD16_eabi.lib</file>
         <name>boot_cortex_m.c.obj</name>
      </input_file>
      <input_file id="fl-da">
         <path>C:\ti\ccs1011\ccs\tools\compiler\ti-cgt-arm_20.2.4.LTS\lib\</path>
         <kind>archive</kind>
         <file>rtsv7M4_T_le_v4SPD16_eabi.lib</file>
         <name>div0.asm.obj</name>
      </input_file>
      <input_file id="fl-db">
         <path>C:\ti\ccs1011\ccs\tools\compiler\ti-cgt-arm_20.2.4.LTS\lib\</path>
         <kind>archive</kind>
         <file>rtsv7M4_T_le_v4SPD16_eabi.lib</file>
         <name>memcpy_t2.asm.obj</name>
      </input_file>
      <input_file id="fl-dc">
         <path>C:\ti\ccs1011\ccs\tools\compiler\ti-cgt-arm_20.2.4.LTS\lib\</path>
         <kind>archive</kind>
         <file>rtsv7M4_T_le_v4SPD16_eabi.lib</file>
         <name>autoinit.c.obj</name>
      </input_file>
      <input_file id="fl-dd">
         <path>C:\ti\ccs1011\ccs\tools\compiler\ti-cgt-arm_20.2.4.LTS\lib\</path>
         <kind>archive</kind>
         <file>rtsv7M4_T_le_v4SPD16_eabi.lib</file>
         <name>pre_init.c.obj</name>
      </input_file>
      <input_file id="fl-de">
         <path>C:\ti\ccs1011\ccs\tools\compiler\ti-cgt-arm_20.2.4.LTS\lib\</path>
         <kind>archive</kind>
         <file>rtsv7M4_T_le_v4SPD16_eabi.lib</file>
         <name>cpy_tbl.c.obj</name>
      </input_file>
      <input_file id="fl-df">
         <path>C:\ti\ccs1011\ccs\tools\compiler\ti-cgt-arm_20.2.4.LTS\lib\</path>
         <kind>archive</kind>
         <file>rtsv7M4_T_le_v4SPD16_eabi.lib</file>
         <name>exit.c.obj</name>
      </input_file>
      <input_file id="fl-e0">
         <path>C:\ti\ccs1011\ccs\tools\compiler\ti-cgt-arm_20.2.4.LTS\lib\</path>
         <kind>archive</kind>
         <file>rtsv7M4_T_le_v4SPD16_eabi.lib</file>
         <name>_lock.c.obj</name>
      </input_file>
      <input_file id="fl-e1">
         <path>C:\ti\ccs1011\ccs\tools\compiler\ti-cgt-arm_20.2.4.LTS\lib\</path>
         <kind>archive</kind>
         <file>rtsv7M4_T_le_v4SPD16_eabi.lib</file>
         <name>args_main.c.obj</name>
      </input_file>
   </input_file_list>
   <object_component_list>
      <object_component id="oc-26">
         <name>.intvecs:retain</name>
         <load_address>0x0</load_address>
         <run_address>0x0</run_address>
         <size>0xe4</size>
         <input_file_ref idref="fl-8"/>
      </object_component>
      <object_component id="oc-15a">
         <name>.text:_getIndexForMemRegister</name>
         <load_address>0xe4</load_address>
         <run_address>0xe4</run_address>
         <size>0x160</size>
         <input_file_ref idref="fl-13"/>
      </object_component>
      <object_component id="oc-20b">
         <name>.text:_CSComputeCLKFrequency</name>
         <load_address>0x244</load_address>
         <run_address>0x244</run_address>
         <size>0x104</size>
         <input_file_ref idref="fl-14"/>
      </object_component>
      <object_component id="oc-28d">
         <name>.text:CS_getDCOFrequency</name>
         <load_address>0x348</load_address>
         <run_address>0x348</run_address>
         <size>0xf8</size>
         <input_file_ref idref="fl-14"/>
      </object_component>
      <object_component id="oc-29e">
         <name>.text:writeInstruction</name>
         <load_address>0x440</load_address>
         <run_address>0x440</run_address>
         <size>0xc4</size>
         <input_file_ref idref="fl-5"/>
      </object_component>
      <object_component id="oc-73">
         <name>.text:ADC14_IRQHandler</name>
         <load_address>0x504</load_address>
         <run_address>0x504</run_address>
         <size>0xa8</size>
         <input_file_ref idref="fl-6"/>
      </object_component>
      <object_component id="oc-37">
         <name>.text</name>
         <load_address>0x5ac</load_address>
         <run_address>0x5ac</run_address>
         <size>0x9c</size>
         <input_file_ref idref="fl-db"/>
      </object_component>
      <object_component id="oc-2aa">
         <name>.text</name>
         <load_address>0x648</load_address>
         <run_address>0x648</run_address>
         <size>0x96</size>
         <input_file_ref idref="fl-d2"/>
      </object_component>
      <object_component id="oc-6d">
         <name>.text:Default_Handler</name>
         <load_address>0x6de</load_address>
         <run_address>0x6de</run_address>
         <size>0x2</size>
         <input_file_ref idref="fl-8"/>
      </object_component>
      <object_component id="oc-2d3">
         <name>.text:SysCtl_A_getTLVInfo</name>
         <load_address>0x6e0</load_address>
         <run_address>0x6e0</run_address>
         <size>0x94</size>
         <input_file_ref idref="fl-18"/>
      </object_component>
      <object_component id="oc-2d9">
         <name>.text:_CSGetDOCFrequency</name>
         <load_address>0x774</load_address>
         <run_address>0x774</run_address>
         <size>0x7c</size>
         <input_file_ref idref="fl-14"/>
      </object_component>
      <object_component id="oc-93">
         <name>.text</name>
         <load_address>0x7f0</load_address>
         <run_address>0x7f0</run_address>
         <size>0x7a</size>
         <input_file_ref idref="fl-d3"/>
      </object_component>
      <object_component id="oc-24c">
         <name>.text:_nop</name>
         <load_address>0x86a</load_address>
         <run_address>0x86a</run_address>
         <size>0x2</size>
         <input_file_ref idref="fl-e0"/>
      </object_component>
      <object_component id="oc-b1">
         <name>.text:SystemInit</name>
         <load_address>0x86c</load_address>
         <run_address>0x86c</run_address>
         <size>0x78</size>
         <input_file_ref idref="fl-7"/>
      </object_component>
      <object_component id="oc-238">
         <name>.text:delayMicroSec</name>
         <load_address>0x8e4</load_address>
         <run_address>0x8e4</run_address>
         <size>0x78</size>
         <input_file_ref idref="fl-4"/>
      </object_component>
      <object_component id="oc-fa">
         <name>.text:generateRandomOrder</name>
         <load_address>0x95c</load_address>
         <run_address>0x95c</run_address>
         <size>0x78</size>
         <input_file_ref idref="fl-6"/>
      </object_component>
      <object_component id="oc-1b9">
         <name>.text:initLCD</name>
         <load_address>0x9d4</load_address>
         <run_address>0x9d4</run_address>
         <size>0x70</size>
         <input_file_ref idref="fl-5"/>
      </object_component>
      <object_component id="oc-195">
         <name>.text:Timer32_initModule</name>
         <load_address>0xa44</load_address>
         <run_address>0xa44</run_address>
         <size>0x68</size>
         <input_file_ref idref="fl-1a"/>
      </object_component>
      <object_component id="oc-17">
         <name>.text:decompress:lzss:__TI_decompress_lzss</name>
         <load_address>0xaac</load_address>
         <run_address>0xaac</run_address>
         <size>0x68</size>
         <input_file_ref idref="fl-d7"/>
      </object_component>
      <object_component id="oc-1ad">
         <name>.text:configLCD</name>
         <load_address>0xb14</load_address>
         <run_address>0xb14</run_address>
         <size>0x64</size>
         <input_file_ref idref="fl-5"/>
      </object_component>
      <object_component id="oc-281">
         <name>.text:_CSGetDividerValue</name>
         <load_address>0xb78</load_address>
         <run_address>0xb78</run_address>
         <size>0x62</size>
         <input_file_ref idref="fl-14"/>
      </object_component>
      <object_component id="oc-2f1">
         <name>.text</name>
         <load_address>0xbda</load_address>
         <run_address>0xbda</run_address>
         <size>0x2</size>
         <input_file_ref idref="fl-da"/>
      </object_component>
      <object_component id="oc-1fc">
         <name>.text:GPIO_setAsInputPinWithPullUpResistor</name>
         <load_address>0xbdc</load_address>
         <run_address>0xbdc</run_address>
         <size>0x58</size>
         <input_file_ref idref="fl-16"/>
      </object_component>
      <object_component id="oc-f4">
         <name>.text:setup</name>
         <load_address>0xc34</load_address>
         <run_address>0xc34</run_address>
         <size>0x54</size>
         <input_file_ref idref="fl-6"/>
      </object_component>
      <object_component id="oc-115">
         <name>.text:__TI_auto_init_nobinit_nopinit:__TI_auto_init_nobinit_nopinit</name>
         <load_address>0xc88</load_address>
         <run_address>0xc88</run_address>
         <size>0x44</size>
         <input_file_ref idref="fl-dc"/>
      </object_component>
      <object_component id="oc-21a">
         <name>.text:GPIO_setAsOutputPin</name>
         <load_address>0xccc</load_address>
         <run_address>0xccc</run_address>
         <size>0x40</size>
         <input_file_ref idref="fl-16"/>
      </object_component>
      <object_component id="oc-b9">
         <name>.text:ADC14_getEnabledInterruptStatus</name>
         <load_address>0xd0c</load_address>
         <run_address>0xd0c</run_address>
         <size>0x38</size>
         <input_file_ref idref="fl-13"/>
      </object_component>
      <object_component id="oc-1a7">
         <name>.text:Timer32_startTimer</name>
         <load_address>0xd44</load_address>
         <run_address>0xd44</run_address>
         <size>0x38</size>
         <input_file_ref idref="fl-1a"/>
      </object_component>
      <object_component id="oc-1a1">
         <name>.text:Timer32_setCount</name>
         <load_address>0xd7c</load_address>
         <run_address>0xd7c</run_address>
         <size>0x34</size>
         <input_file_ref idref="fl-1a"/>
      </object_component>
      <object_component id="oc-55">
         <name>.text:_c_int00_noargs:_c_int00_noargs</name>
         <load_address>0xdb0</load_address>
         <run_address>0xdb0</run_address>
         <size>0x34</size>
         <input_file_ref idref="fl-d9"/>
      </object_component>
      <object_component id="oc-1c6">
         <name>.text:rand</name>
         <load_address>0xde4</load_address>
         <run_address>0xde4</run_address>
         <size>0x34</size>
         <input_file_ref idref="fl-d8"/>
      </object_component>
      <object_component id="oc-bf">
         <name>.text:ADC14_clearInterruptFlag</name>
         <load_address>0xe18</load_address>
         <run_address>0xe18</run_address>
         <size>0x30</size>
         <input_file_ref idref="fl-13"/>
      </object_component>
      <object_component id="oc-287">
         <name>.text:CS_clearInterruptFlag</name>
         <load_address>0xe48</load_address>
         <run_address>0xe48</run_address>
         <size>0x30</size>
         <input_file_ref idref="fl-14"/>
      </object_component>
      <object_component id="oc-2e9">
         <name>.text:instructionDelay</name>
         <load_address>0xe78</load_address>
         <run_address>0xe78</run_address>
         <size>0x2e</size>
         <input_file_ref idref="fl-5"/>
      </object_component>
      <object_component id="oc-148">
         <name>.text:ADC14_getInterruptStatus</name>
         <load_address>0xea8</load_address>
         <run_address>0xea8</run_address>
         <size>0x2c</size>
         <input_file_ref idref="fl-13"/>
      </object_component>
      <object_component id="oc-cb">
         <name>.text:ADC14_toggleConversionTrigger</name>
         <load_address>0xed4</load_address>
         <run_address>0xed4</run_address>
         <size>0x2c</size>
         <input_file_ref idref="fl-13"/>
      </object_component>
      <object_component id="oc-c5">
         <name>.text:ADC14_getResult</name>
         <load_address>0xf00</load_address>
         <run_address>0xf00</run_address>
         <size>0x28</size>
         <input_file_ref idref="fl-13"/>
      </object_component>
      <object_component id="oc-19b">
         <name>.text:CS_getMCLK</name>
         <load_address>0xf28</load_address>
         <run_address>0xf28</run_address>
         <size>0x28</size>
         <input_file_ref idref="fl-14"/>
      </object_component>
      <object_component id="oc-2e3">
         <name>.text:GPIO_setOutputHighOnPin</name>
         <load_address>0xf50</load_address>
         <run_address>0xf50</run_address>
         <size>0x28</size>
         <input_file_ref idref="fl-16"/>
      </object_component>
      <object_component id="oc-214">
         <name>.text:GPIO_setOutputLowOnPin</name>
         <load_address>0xf78</load_address>
         <run_address>0xf78</run_address>
         <size>0x28</size>
         <input_file_ref idref="fl-16"/>
      </object_component>
      <object_component id="oc-183">
         <name>.text:WDT_A_holdTimer</name>
         <load_address>0xfa0</load_address>
         <run_address>0xfa0</run_address>
         <size>0x24</size>
         <input_file_ref idref="fl-1b"/>
      </object_component>
      <object_component id="oc-9f">
         <name>.text:main</name>
         <load_address>0xfc4</load_address>
         <run_address>0xfc4</run_address>
         <size>0x24</size>
         <input_file_ref idref="fl-6"/>
      </object_component>
      <object_component id="oc-43">
         <name>.text:decompress:ZI:__TI_zero_init_nomemset:__TI_zero_init_nomemset</name>
         <load_address>0xfe8</load_address>
         <run_address>0xfe8</run_address>
         <size>0x1c</size>
         <input_file_ref idref="fl-d5"/>
      </object_component>
      <object_component id="oc-232">
         <name>.text:commandInstruction</name>
         <load_address>0x1004</load_address>
         <run_address>0x1004</run_address>
         <size>0x1a</size>
         <input_file_ref idref="fl-5"/>
      </object_component>
      <object_component id="oc-1b3">
         <name>.text:initDelayTimer</name>
         <load_address>0x1020</load_address>
         <run_address>0x1020</run_address>
         <size>0x18</size>
         <input_file_ref idref="fl-4"/>
      </object_component>
      <object_component id="oc-2a5">
         <name>.text</name>
         <load_address>0x1038</load_address>
         <run_address>0x1038</run_address>
         <size>0x18</size>
         <input_file_ref idref="fl-d4"/>
      </object_component>
      <object_component id="oc-203">
         <name>.text:RGBLED_init</name>
         <load_address>0x1050</load_address>
         <run_address>0x1050</run_address>
         <size>0x14</size>
         <input_file_ref idref="fl-2"/>
      </object_component>
      <object_component id="oc-22c">
         <name>.text:delayMilliSec</name>
         <load_address>0x1064</load_address>
         <run_address>0x1064</run_address>
         <size>0x12</size>
         <input_file_ref idref="fl-4"/>
      </object_component>
      <object_component id="oc-1bf">
         <name>.text:Interrupt_enableMaster</name>
         <load_address>0x1076</load_address>
         <run_address>0x1076</run_address>
         <size>0x10</size>
         <input_file_ref idref="fl-17"/>
      </object_component>
      <object_component id="oc-2b5">
         <name>.text:SysTick_disableModule</name>
         <load_address>0x1088</load_address>
         <run_address>0x1088</run_address>
         <size>0x10</size>
         <input_file_ref idref="fl-19"/>
      </object_component>
      <object_component id="oc-2af">
         <name>.text:SysTick_enableModule</name>
         <load_address>0x1098</load_address>
         <run_address>0x1098</run_address>
         <size>0x10</size>
         <input_file_ref idref="fl-19"/>
      </object_component>
      <object_component id="oc-1d">
         <name>.text:decompress:none:__TI_decompress_none</name>
         <load_address>0x10a8</load_address>
         <run_address>0x10a8</run_address>
         <size>0xe</size>
         <input_file_ref idref="fl-d6"/>
      </object_component>
      <object_component id="oc-23f">
         <name>.text:CPU_cpsie</name>
         <load_address>0x10b6</load_address>
         <run_address>0x10b6</run_address>
         <size>0xc</size>
         <input_file_ref idref="fl-1c"/>
      </object_component>
      <object_component id="oc-67">
         <name>.text:Reset_Handler</name>
         <load_address>0x10c2</load_address>
         <run_address>0x10c2</run_address>
         <size>0xc</size>
         <input_file_ref idref="fl-8"/>
      </object_component>
      <object_component id="oc-189">
         <name>.text:Switch_init</name>
         <load_address>0x10ce</load_address>
         <run_address>0x10ce</run_address>
         <size>0xc</size>
         <input_file_ref idref="fl-3"/>
      </object_component>
      <object_component id="oc-18f">
         <name>.text:LED_init</name>
         <load_address>0x10da</load_address>
         <run_address>0x10da</run_address>
         <size>0x8</size>
         <input_file_ref idref="fl-2"/>
      </object_component>
      <object_component id="oc-99">
         <name>.text:_system_pre_init</name>
         <load_address>0x10e2</load_address>
         <run_address>0x10e2</run_address>
         <size>0x4</size>
         <input_file_ref idref="fl-dd"/>
      </object_component>
      <object_component id="oc-109">
         <name>.text:abort:abort</name>
         <load_address>0x10e6</load_address>
         <run_address>0x10e6</run_address>
         <size>0x4</size>
         <input_file_ref idref="fl-df"/>
      </object_component>
      <object_component id="oc-160">
         <name>.const:_ctlRegs</name>
         <load_address>0x10ec</load_address>
         <run_address>0x10ec</run_address>
         <size>0x80</size>
         <input_file_ref idref="fl-13"/>
      </object_component>
      <object_component id="oc-27c">
         <name>.const:GPIO_PORT_TO_BASE</name>
         <load_address>0x116c</load_address>
         <run_address>0x116c</run_address>
         <size>0x30</size>
         <input_file_ref idref="fl-16"/>
      </object_component>
      <object_component id="oc-33b">
         <name>.cinit..data.load</name>
         <load_address>0x11a0</load_address>
         <run_address>0x11a0</run_address>
         <size>0x10</size>
      </object_component>
      <object_component id="oc-339">
         <name>__TI_handler_table</name>
         <load_address>0x11b0</load_address>
         <run_address>0x11b0</run_address>
         <size>0xc</size>
      </object_component>
      <object_component id="oc-33c">
         <name>.cinit..bss.load</name>
         <load_address>0x11c0</load_address>
         <run_address>0x11c0</run_address>
         <size>0x8</size>
      </object_component>
      <object_component id="oc-33a">
         <name>__TI_cinit_table</name>
         <load_address>0x11c8</load_address>
         <run_address>0x11c8</run_address>
         <size>0x10</size>
      </object_component>
      <object_component id="oc-30d">
         <name>.binit</name>
         <load_address>0x0</load_address>
         <run_address>0x0</run_address>
         <size>0x0</size>
      </object_component>
      <object_component id="oc-228">
         <name>.data</name>
         <load_address>0x20000038</load_address>
         <run_address>0x20000038</run_address>
         <size>0x8</size>
         <input_file_ref idref="fl-4"/>
      </object_component>
      <object_component id="oc-246">
         <name>.data</name>
         <load_address>0x20000040</load_address>
         <run_address>0x20000040</run_address>
         <size>0x4</size>
         <input_file_ref idref="fl-d8"/>
      </object_component>
      <object_component id="oc-1d3">
         <name>.data:$O1$$</name>
         <load_address>0x20000030</load_address>
         <run_address>0x20000030</run_address>
         <size>0x8</size>
         <input_file_ref idref="fl-e0"/>
      </object_component>
      <object_component id="oc-d4">
         <name>.bss</name>
         <uninitialized>true</uninitialized>
         <run_address>0x20000010</run_address>
         <size>0x4</size>
         <input_file_ref idref="fl-6"/>
      </object_component>
      <object_component id="oc-100">
         <name>.bss:taskList</name>
         <uninitialized>true</uninitialized>
         <run_address>0x20000008</run_address>
         <size>0x8</size>
         <input_file_ref idref="fl-6"/>
      </object_component>
      <object_component id="oc-293">
         <name>.bss</name>
         <uninitialized>true</uninitialized>
         <run_address>0x20000000</run_address>
         <size>0x8</size>
         <input_file_ref idref="fl-14"/>
      </object_component>
      <object_component id="oc-220">
         <name>.common:RS_Port</name>
         <uninitialized>true</uninitialized>
         <run_address>0x20000024</run_address>
         <size>0x4</size>
      </object_component>
      <object_component id="oc-223">
         <name>.common:EN_Port</name>
         <uninitialized>true</uninitialized>
         <run_address>0x2000001c</run_address>
         <size>0x4</size>
      </object_component>
      <object_component id="oc-224">
         <name>.common:DB_Port</name>
         <uninitialized>true</uninitialized>
         <run_address>0x20000014</run_address>
         <size>0x4</size>
      </object_component>
      <object_component id="oc-225">
         <name>.common:RS_Pin</name>
         <uninitialized>true</uninitialized>
         <run_address>0x20000020</run_address>
         <size>0x4</size>
      </object_component>
      <object_component id="oc-226">
         <name>.common:EN_Pin</name>
         <uninitialized>true</uninitialized>
         <run_address>0x20000018</run_address>
         <size>0x4</size>
      </object_component>
      <object_component id="oc-d1">
         <name>.common:currentTask</name>
         <uninitialized>true</uninitialized>
         <run_address>0x20000028</run_address>
         <size>0x1</size>
      </object_component>
      <object_component id="oc-29">
         <name>.stack</name>
         <uninitialized>true</uninitialized>
         <run_address>0x2000fe00</run_address>
         <size>0x4</size>
         <input_file_ref idref="fl-d9"/>
      </object_component>
      <object_component id="oc-33e">
         <name>.stack</name>
         <uninitialized>true</uninitialized>
         <run_address>0x2000fe00</run_address>
         <size>0x0</size>
      </object_component>
      <object_component id="oc-182">
         <name>.debug_info</name>
         <load_address>0x0</load_address>
         <run_address>0x0</run_address>
         <size>0x608</size>
         <input_file_ref idref="fl-2"/>
      </object_component>
      <object_component id="oc-190">
         <name>.debug_info</name>
         <load_address>0x608</load_address>
         <run_address>0x608</run_address>
         <size>0x15f</size>
         <input_file_ref idref="fl-2"/>
      </object_component>
      <object_component id="oc-204">
         <name>.debug_info</name>
         <load_address>0x767</load_address>
         <run_address>0x767</run_address>
         <size>0x18a</size>
         <input_file_ref idref="fl-2"/>
      </object_component>
      <object_component id="oc-df">
         <name>.debug_info</name>
         <load_address>0x8f1</load_address>
         <run_address>0x8f1</run_address>
         <size>0x26b</size>
         <input_file_ref idref="fl-2"/>
      </object_component>
      <object_component id="oc-16c">
         <name>.debug_info</name>
         <load_address>0xb5c</load_address>
         <run_address>0xb5c</run_address>
         <size>0x1028</size>
         <input_file_ref idref="fl-2"/>
      </object_component>
      <object_component id="oc-167">
         <name>.debug_info</name>
         <load_address>0x1b84</load_address>
         <run_address>0x1b84</run_address>
         <size>0x37e2</size>
         <input_file_ref idref="fl-2"/>
      </object_component>
      <object_component id="oc-32">
         <name>.debug_info</name>
         <load_address>0x5366</load_address>
         <run_address>0x5366</run_address>
         <size>0x84</size>
         <input_file_ref idref="fl-2"/>
      </object_component>
      <object_component id="oc-17d">
         <name>.debug_info</name>
         <load_address>0x53ea</load_address>
         <run_address>0x53ea</run_address>
         <size>0x2a4</size>
         <input_file_ref idref="fl-2"/>
      </object_component>
      <object_component id="oc-176">
         <name>.debug_info</name>
         <load_address>0x568e</load_address>
         <run_address>0x568e</run_address>
         <size>0xef</size>
         <input_file_ref idref="fl-2"/>
      </object_component>
      <object_component id="oc-d8">
         <name>.debug_info</name>
         <load_address>0x577d</load_address>
         <run_address>0x577d</run_address>
         <size>0xbb</size>
         <input_file_ref idref="fl-2"/>
      </object_component>
      <object_component id="oc-18a">
         <name>.debug_info</name>
         <load_address>0x5838</load_address>
         <run_address>0x5838</run_address>
         <size>0x18d</size>
         <input_file_ref idref="fl-3"/>
      </object_component>
      <object_component id="oc-104">
         <name>.debug_info</name>
         <load_address>0x59c5</load_address>
         <run_address>0x59c5</run_address>
         <size>0x8b</size>
         <input_file_ref idref="fl-3"/>
      </object_component>
      <object_component id="oc-229">
         <name>.debug_info</name>
         <load_address>0x5a50</load_address>
         <run_address>0x5a50</run_address>
         <size>0x12c</size>
         <input_file_ref idref="fl-4"/>
      </object_component>
      <object_component id="oc-1b4">
         <name>.debug_info</name>
         <load_address>0x5b7c</load_address>
         <run_address>0x5b7c</run_address>
         <size>0x191</size>
         <input_file_ref idref="fl-4"/>
      </object_component>
      <object_component id="oc-239">
         <name>.debug_info</name>
         <load_address>0x5d0d</load_address>
         <run_address>0x5d0d</run_address>
         <size>0x1fb</size>
         <input_file_ref idref="fl-4"/>
      </object_component>
      <object_component id="oc-22d">
         <name>.debug_info</name>
         <load_address>0x5f08</load_address>
         <run_address>0x5f08</run_address>
         <size>0x1a3</size>
         <input_file_ref idref="fl-4"/>
      </object_component>
      <object_component id="oc-221">
         <name>.debug_info</name>
         <load_address>0x60ab</load_address>
         <run_address>0x60ab</run_address>
         <size>0x74b</size>
         <input_file_ref idref="fl-5"/>
      </object_component>
      <object_component id="oc-1ae">
         <name>.debug_info</name>
         <load_address>0x67f6</load_address>
         <run_address>0x67f6</run_address>
         <size>0x274</size>
         <input_file_ref idref="fl-5"/>
      </object_component>
      <object_component id="oc-2ea">
         <name>.debug_info</name>
         <load_address>0x6a6a</load_address>
         <run_address>0x6a6a</run_address>
         <size>0x1e7</size>
         <input_file_ref idref="fl-5"/>
      </object_component>
      <object_component id="oc-29f">
         <name>.debug_info</name>
         <load_address>0x6c51</load_address>
         <run_address>0x6c51</run_address>
         <size>0x348</size>
         <input_file_ref idref="fl-5"/>
      </object_component>
      <object_component id="oc-233">
         <name>.debug_info</name>
         <load_address>0x6f99</load_address>
         <run_address>0x6f99</run_address>
         <size>0x1ca</size>
         <input_file_ref idref="fl-5"/>
      </object_component>
      <object_component id="oc-1ba">
         <name>.debug_info</name>
         <load_address>0x7163</load_address>
         <run_address>0x7163</run_address>
         <size>0x2a4</size>
         <input_file_ref idref="fl-5"/>
      </object_component>
      <object_component id="oc-d2">
         <name>.debug_info</name>
         <load_address>0x7407</load_address>
         <run_address>0x7407</run_address>
         <size>0xc29</size>
         <input_file_ref idref="fl-6"/>
      </object_component>
      <object_component id="oc-d5">
         <name>.debug_info</name>
         <load_address>0x8030</load_address>
         <run_address>0x8030</run_address>
         <size>0x14f</size>
         <input_file_ref idref="fl-6"/>
      </object_component>
      <object_component id="oc-101">
         <name>.debug_info</name>
         <load_address>0x817f</load_address>
         <run_address>0x817f</run_address>
         <size>0x125</size>
         <input_file_ref idref="fl-6"/>
      </object_component>
      <object_component id="oc-f7">
         <name>.debug_info</name>
         <load_address>0x82a4</load_address>
         <run_address>0x82a4</run_address>
         <size>0x23c</size>
         <input_file_ref idref="fl-6"/>
      </object_component>
      <object_component id="oc-fd">
         <name>.debug_info</name>
         <load_address>0x84e0</load_address>
         <run_address>0x84e0</run_address>
         <size>0x1be</size>
         <input_file_ref idref="fl-6"/>
      </object_component>
      <object_component id="oc-a2">
         <name>.debug_info</name>
         <load_address>0x869e</load_address>
         <run_address>0x869e</run_address>
         <size>0x16c</size>
         <input_file_ref idref="fl-6"/>
      </object_component>
      <object_component id="oc-76">
         <name>.debug_info</name>
         <load_address>0x880a</load_address>
         <run_address>0x880a</run_address>
         <size>0x269</size>
         <input_file_ref idref="fl-6"/>
      </object_component>
      <object_component id="oc-171">
         <name>.debug_info</name>
         <load_address>0x8a73</load_address>
         <run_address>0x8a73</run_address>
         <size>0x79</size>
         <input_file_ref idref="fl-6"/>
      </object_component>
      <object_component id="oc-b3">
         <name>.debug_info</name>
         <load_address>0x8aec</load_address>
         <run_address>0x8aec</run_address>
         <size>0x181</size>
         <input_file_ref idref="fl-7"/>
      </object_component>
      <object_component id="oc-7b">
         <name>.debug_info</name>
         <load_address>0x8c6d</load_address>
         <run_address>0x8c6d</run_address>
         <size>0x321</size>
         <input_file_ref idref="fl-8"/>
      </object_component>
      <object_component id="oc-27">
         <name>.debug_info</name>
         <load_address>0x8f8e</load_address>
         <run_address>0x8f8e</run_address>
         <size>0x14d</size>
         <input_file_ref idref="fl-8"/>
      </object_component>
      <object_component id="oc-68">
         <name>.debug_info</name>
         <load_address>0x90db</load_address>
         <run_address>0x90db</run_address>
         <size>0x1b0</size>
         <input_file_ref idref="fl-8"/>
      </object_component>
      <object_component id="oc-70">
         <name>.debug_info</name>
         <load_address>0x928b</load_address>
         <run_address>0x928b</run_address>
         <size>0x198</size>
         <input_file_ref idref="fl-8"/>
      </object_component>
      <object_component id="oc-1f8">
         <name>.debug_info</name>
         <load_address>0x9423</load_address>
         <run_address>0x9423</run_address>
         <size>0x706</size>
         <input_file_ref idref="fl-13"/>
      </object_component>
      <object_component id="oc-161">
         <name>.debug_info</name>
         <load_address>0x9b29</load_address>
         <run_address>0x9b29</run_address>
         <size>0x124</size>
         <input_file_ref idref="fl-13"/>
      </object_component>
      <object_component id="oc-15c">
         <name>.debug_info</name>
         <load_address>0x9c4d</load_address>
         <run_address>0x9c4d</run_address>
         <size>0x1d9</size>
         <input_file_ref idref="fl-13"/>
      </object_component>
      <object_component id="oc-cd">
         <name>.debug_info</name>
         <load_address>0x9e26</load_address>
         <run_address>0x9e26</run_address>
         <size>0x1ca</size>
         <input_file_ref idref="fl-13"/>
      </object_component>
      <object_component id="oc-c7">
         <name>.debug_info</name>
         <load_address>0x9ff0</load_address>
         <run_address>0x9ff0</run_address>
         <size>0x22f</size>
         <input_file_ref idref="fl-13"/>
      </object_component>
      <object_component id="oc-14b">
         <name>.debug_info</name>
         <load_address>0xa21f</load_address>
         <run_address>0xa21f</run_address>
         <size>0x1d6</size>
         <input_file_ref idref="fl-13"/>
      </object_component>
      <object_component id="oc-bc">
         <name>.debug_info</name>
         <load_address>0xa3f5</load_address>
         <run_address>0xa3f5</run_address>
         <size>0x1ff</size>
         <input_file_ref idref="fl-13"/>
      </object_component>
      <object_component id="oc-c2">
         <name>.debug_info</name>
         <load_address>0xa5f4</load_address>
         <run_address>0xa5f4</run_address>
         <size>0x1f1</size>
         <input_file_ref idref="fl-13"/>
      </object_component>
      <object_component id="oc-26d">
         <name>.debug_info</name>
         <load_address>0xa7e5</load_address>
         <run_address>0xa7e5</run_address>
         <size>0x431a</size>
         <input_file_ref idref="fl-13"/>
      </object_component>
      <object_component id="oc-277">
         <name>.debug_info</name>
         <load_address>0xeaff</load_address>
         <run_address>0xeaff</run_address>
         <size>0x26b</size>
         <input_file_ref idref="fl-13"/>
      </object_component>
      <object_component id="oc-272">
         <name>.debug_info</name>
         <load_address>0xed6a</load_address>
         <run_address>0xed6a</run_address>
         <size>0x1028</size>
         <input_file_ref idref="fl-13"/>
      </object_component>
      <object_component id="oc-1f0">
         <name>.debug_info</name>
         <load_address>0xfd92</load_address>
         <run_address>0xfd92</run_address>
         <size>0x297</size>
         <input_file_ref idref="fl-13"/>
      </object_component>
      <object_component id="oc-14f">
         <name>.debug_info</name>
         <load_address>0x10029</load_address>
         <run_address>0x10029</run_address>
         <size>0xef</size>
         <input_file_ref idref="fl-13"/>
      </object_component>
      <object_component id="oc-155">
         <name>.debug_info</name>
         <load_address>0x10118</load_address>
         <run_address>0x10118</run_address>
         <size>0xbb</size>
         <input_file_ref idref="fl-13"/>
      </object_component>
      <object_component id="oc-2e0">
         <name>.debug_info</name>
         <load_address>0x101d3</load_address>
         <run_address>0x101d3</run_address>
         <size>0x807</size>
         <input_file_ref idref="fl-14"/>
      </object_component>
      <object_component id="oc-294">
         <name>.debug_info</name>
         <load_address>0x109da</load_address>
         <run_address>0x109da</run_address>
         <size>0x140</size>
         <input_file_ref idref="fl-14"/>
      </object_component>
      <object_component id="oc-282">
         <name>.debug_info</name>
         <load_address>0x10b1a</load_address>
         <run_address>0x10b1a</run_address>
         <size>0x1d9</size>
         <input_file_ref idref="fl-14"/>
      </object_component>
      <object_component id="oc-20c">
         <name>.debug_info</name>
         <load_address>0x10cf3</load_address>
         <run_address>0x10cf3</run_address>
         <size>0x2a8</size>
         <input_file_ref idref="fl-14"/>
      </object_component>
      <object_component id="oc-2da">
         <name>.debug_info</name>
         <load_address>0x10f9b</load_address>
         <run_address>0x10f9b</run_address>
         <size>0x1be</size>
         <input_file_ref idref="fl-14"/>
      </object_component>
      <object_component id="oc-28e">
         <name>.debug_info</name>
         <load_address>0x11159</load_address>
         <run_address>0x11159</run_address>
         <size>0x28f</size>
         <input_file_ref idref="fl-14"/>
      </object_component>
      <object_component id="oc-19c">
         <name>.debug_info</name>
         <load_address>0x113e8</load_address>
         <run_address>0x113e8</run_address>
         <size>0x1e9</size>
         <input_file_ref idref="fl-14"/>
      </object_component>
      <object_component id="oc-289">
         <name>.debug_info</name>
         <load_address>0x115d1</load_address>
         <run_address>0x115d1</run_address>
         <size>0x1d3</size>
         <input_file_ref idref="fl-14"/>
      </object_component>
      <object_component id="oc-300">
         <name>.debug_info</name>
         <load_address>0x117a4</load_address>
         <run_address>0x117a4</run_address>
         <size>0x1b5</size>
         <input_file_ref idref="fl-14"/>
      </object_component>
      <object_component id="oc-2d0">
         <name>.debug_info</name>
         <load_address>0x11959</load_address>
         <run_address>0x11959</run_address>
         <size>0x701</size>
         <input_file_ref idref="fl-16"/>
      </object_component>
      <object_component id="oc-27d">
         <name>.debug_info</name>
         <load_address>0x1205a</load_address>
         <run_address>0x1205a</run_address>
         <size>0x135</size>
         <input_file_ref idref="fl-16"/>
      </object_component>
      <object_component id="oc-21b">
         <name>.debug_info</name>
         <load_address>0x1218f</load_address>
         <run_address>0x1218f</run_address>
         <size>0x252</size>
         <input_file_ref idref="fl-16"/>
      </object_component>
      <object_component id="oc-2e4">
         <name>.debug_info</name>
         <load_address>0x123e1</load_address>
         <run_address>0x123e1</run_address>
         <size>0x25a</size>
         <input_file_ref idref="fl-16"/>
      </object_component>
      <object_component id="oc-215">
         <name>.debug_info</name>
         <load_address>0x1263b</load_address>
         <run_address>0x1263b</run_address>
         <size>0x258</size>
         <input_file_ref idref="fl-16"/>
      </object_component>
      <object_component id="oc-1fd">
         <name>.debug_info</name>
         <load_address>0x12893</load_address>
         <run_address>0x12893</run_address>
         <size>0x274</size>
         <input_file_ref idref="fl-16"/>
      </object_component>
      <object_component id="oc-1c1">
         <name>.debug_info</name>
         <load_address>0x12b07</load_address>
         <run_address>0x12b07</run_address>
         <size>0x1d5</size>
         <input_file_ref idref="fl-17"/>
      </object_component>
      <object_component id="oc-2fc">
         <name>.debug_info</name>
         <load_address>0x12cdc</load_address>
         <run_address>0x12cdc</run_address>
         <size>0x5c9</size>
         <input_file_ref idref="fl-18"/>
      </object_component>
      <object_component id="oc-2d5">
         <name>.debug_info</name>
         <load_address>0x132a5</load_address>
         <run_address>0x132a5</run_address>
         <size>0x298</size>
         <input_file_ref idref="fl-18"/>
      </object_component>
      <object_component id="oc-2b0">
         <name>.debug_info</name>
         <load_address>0x1353d</load_address>
         <run_address>0x1353d</run_address>
         <size>0x1b7</size>
         <input_file_ref idref="fl-19"/>
      </object_component>
      <object_component id="oc-2b6">
         <name>.debug_info</name>
         <load_address>0x136f4</load_address>
         <run_address>0x136f4</run_address>
         <size>0x1b9</size>
         <input_file_ref idref="fl-19"/>
      </object_component>
      <object_component id="oc-196">
         <name>.debug_info</name>
         <load_address>0x138ad</load_address>
         <run_address>0x138ad</run_address>
         <size>0x26f</size>
         <input_file_ref idref="fl-1a"/>
      </object_component>
      <object_component id="oc-1a2">
         <name>.debug_info</name>
         <load_address>0x13b1c</load_address>
         <run_address>0x13b1c</run_address>
         <size>0x1fd</size>
         <input_file_ref idref="fl-1a"/>
      </object_component>
      <object_component id="oc-1a8">
         <name>.debug_info</name>
         <load_address>0x13d19</load_address>
         <run_address>0x13d19</run_address>
         <size>0x209</size>
         <input_file_ref idref="fl-1a"/>
      </object_component>
      <object_component id="oc-184">
         <name>.debug_info</name>
         <load_address>0x13f22</load_address>
         <run_address>0x13f22</run_address>
         <size>0x1c9</size>
         <input_file_ref idref="fl-1b"/>
      </object_component>
      <object_component id="oc-241">
         <name>.debug_info</name>
         <load_address>0x140eb</load_address>
         <run_address>0x140eb</run_address>
         <size>0x19a</size>
         <input_file_ref idref="fl-1c"/>
      </object_component>
      <object_component id="oc-2ac">
         <name>.debug_info</name>
         <load_address>0x14285</load_address>
         <run_address>0x14285</run_address>
         <size>0x134</size>
         <input_file_ref idref="fl-d2"/>
      </object_component>
      <object_component id="oc-96">
         <name>.debug_info</name>
         <load_address>0x143b9</load_address>
         <run_address>0x143b9</run_address>
         <size>0x147</size>
         <input_file_ref idref="fl-d3"/>
      </object_component>
      <object_component id="oc-2a7">
         <name>.debug_info</name>
         <load_address>0x14500</load_address>
         <run_address>0x14500</run_address>
         <size>0x122</size>
         <input_file_ref idref="fl-d4"/>
      </object_component>
      <object_component id="oc-92">
         <name>.debug_info</name>
         <load_address>0x14622</load_address>
         <run_address>0x14622</run_address>
         <size>0x2d4</size>
         <input_file_ref idref="fl-d5"/>
      </object_component>
      <object_component id="oc-44">
         <name>.debug_info</name>
         <load_address>0x148f6</load_address>
         <run_address>0x148f6</run_address>
         <size>0x1d2</size>
         <input_file_ref idref="fl-d5"/>
      </object_component>
      <object_component id="oc-8d">
         <name>.debug_info</name>
         <load_address>0x14ac8</load_address>
         <run_address>0x14ac8</run_address>
         <size>0x46</size>
         <input_file_ref idref="fl-d5"/>
      </object_component>
      <object_component id="oc-eb">
         <name>.debug_info</name>
         <load_address>0x14b0e</load_address>
         <run_address>0x14b0e</run_address>
         <size>0x2c</size>
         <input_file_ref idref="fl-d5"/>
      </object_component>
      <object_component id="oc-42">
         <name>.debug_info</name>
         <load_address>0x14b3a</load_address>
         <run_address>0x14b3a</run_address>
         <size>0x2a8</size>
         <input_file_ref idref="fl-d6"/>
      </object_component>
      <object_component id="oc-1f">
         <name>.debug_info</name>
         <load_address>0x14de2</load_address>
         <run_address>0x14de2</run_address>
         <size>0x1ea</size>
         <input_file_ref idref="fl-d6"/>
      </object_component>
      <object_component id="oc-3d">
         <name>.debug_info</name>
         <load_address>0x14fcc</load_address>
         <run_address>0x14fcc</run_address>
         <size>0x46</size>
         <input_file_ref idref="fl-d6"/>
      </object_component>
      <object_component id="oc-85">
         <name>.debug_info</name>
         <load_address>0x15012</load_address>
         <run_address>0x15012</run_address>
         <size>0x2c</size>
         <input_file_ref idref="fl-d6"/>
      </object_component>
      <object_component id="oc-83">
         <name>.debug_info</name>
         <load_address>0x1503e</load_address>
         <run_address>0x1503e</run_address>
         <size>0x29e</size>
         <input_file_ref idref="fl-d7"/>
      </object_component>
      <object_component id="oc-18">
         <name>.debug_info</name>
         <load_address>0x152dc</load_address>
         <run_address>0x152dc</run_address>
         <size>0x250</size>
         <input_file_ref idref="fl-d7"/>
      </object_component>
      <object_component id="oc-2d">
         <name>.debug_info</name>
         <load_address>0x1552c</load_address>
         <run_address>0x1552c</run_address>
         <size>0x60</size>
         <input_file_ref idref="fl-d7"/>
      </object_component>
      <object_component id="oc-e4">
         <name>.debug_info</name>
         <load_address>0x1558c</load_address>
         <run_address>0x1558c</run_address>
         <size>0x46</size>
         <input_file_ref idref="fl-d7"/>
      </object_component>
      <object_component id="oc-7e">
         <name>.debug_info</name>
         <load_address>0x155d2</load_address>
         <run_address>0x155d2</run_address>
         <size>0x39</size>
         <input_file_ref idref="fl-d7"/>
      </object_component>
      <object_component id="oc-247">
         <name>.debug_info</name>
         <load_address>0x1560b</load_address>
         <run_address>0x1560b</run_address>
         <size>0xfb</size>
         <input_file_ref idref="fl-d8"/>
      </object_component>
      <object_component id="oc-1c9">
         <name>.debug_info</name>
         <load_address>0x15706</load_address>
         <run_address>0x15706</run_address>
         <size>0x13d</size>
         <input_file_ref idref="fl-d8"/>
      </object_component>
      <object_component id="oc-2a">
         <name>.debug_info</name>
         <load_address>0x15843</load_address>
         <run_address>0x15843</run_address>
         <size>0x10b</size>
         <input_file_ref idref="fl-d9"/>
      </object_component>
      <object_component id="oc-58">
         <name>.debug_info</name>
         <load_address>0x1594e</load_address>
         <run_address>0x1594e</run_address>
         <size>0x1a9</size>
         <input_file_ref idref="fl-d9"/>
      </object_component>
      <object_component id="oc-2f2">
         <name>.debug_info</name>
         <load_address>0x15af7</load_address>
         <run_address>0x15af7</run_address>
         <size>0x115</size>
         <input_file_ref idref="fl-da"/>
      </object_component>
      <object_component id="oc-3a">
         <name>.debug_info</name>
         <load_address>0x15c0c</load_address>
         <run_address>0x15c0c</run_address>
         <size>0x119</size>
         <input_file_ref idref="fl-db"/>
      </object_component>
      <object_component id="oc-1da">
         <name>.debug_info</name>
         <load_address>0x15d25</load_address>
         <run_address>0x15d25</run_address>
         <size>0x4b3</size>
         <input_file_ref idref="fl-dc"/>
      </object_component>
      <object_component id="oc-118">
         <name>.debug_info</name>
         <load_address>0x161d8</load_address>
         <run_address>0x161d8</run_address>
         <size>0x1a6</size>
         <input_file_ref idref="fl-dc"/>
      </object_component>
      <object_component id="oc-25a">
         <name>.debug_info</name>
         <load_address>0x1637e</load_address>
         <run_address>0x1637e</run_address>
         <size>0x39</size>
         <input_file_ref idref="fl-dc"/>
      </object_component>
      <object_component id="oc-2c2">
         <name>.debug_info</name>
         <load_address>0x163b7</load_address>
         <run_address>0x163b7</run_address>
         <size>0x39</size>
         <input_file_ref idref="fl-dc"/>
      </object_component>
      <object_component id="oc-25f">
         <name>.debug_info</name>
         <load_address>0x163f0</load_address>
         <run_address>0x163f0</run_address>
         <size>0x39</size>
         <input_file_ref idref="fl-dc"/>
      </object_component>
      <object_component id="oc-264">
         <name>.debug_info</name>
         <load_address>0x16429</load_address>
         <run_address>0x16429</run_address>
         <size>0xcd</size>
         <input_file_ref idref="fl-dc"/>
      </object_component>
      <object_component id="oc-9c">
         <name>.debug_info</name>
         <load_address>0x164f6</load_address>
         <run_address>0x164f6</run_address>
         <size>0x153</size>
         <input_file_ref idref="fl-dd"/>
      </object_component>
      <object_component id="oc-10b">
         <name>.debug_info</name>
         <load_address>0x16649</load_address>
         <run_address>0x16649</run_address>
         <size>0x122</size>
         <input_file_ref idref="fl-df"/>
      </object_component>
      <object_component id="oc-254">
         <name>.debug_info</name>
         <load_address>0x1676b</load_address>
         <run_address>0x1676b</run_address>
         <size>0x2c9</size>
         <input_file_ref idref="fl-e0"/>
      </object_component>
      <object_component id="oc-1d4">
         <name>.debug_info</name>
         <load_address>0x16a34</load_address>
         <run_address>0x16a34</run_address>
         <size>0x11e</size>
         <input_file_ref idref="fl-e0"/>
      </object_component>
      <object_component id="oc-24d">
         <name>.debug_info</name>
         <load_address>0x16b52</load_address>
         <run_address>0x16b52</run_address>
         <size>0x12e</size>
         <input_file_ref idref="fl-e0"/>
      </object_component>
      <object_component id="oc-33f">
         <name>.debug_info</name>
         <load_address>0x16c80</load_address>
         <run_address>0x16c80</run_address>
         <size>0xf5</size>
      </object_component>
      <object_component id="oc-1fa">
         <name>.debug_line</name>
         <load_address>0x0</load_address>
         <run_address>0x0</run_address>
         <size>0x7a</size>
         <input_file_ref idref="fl-2"/>
      </object_component>
      <object_component id="oc-193">
         <name>.debug_line</name>
         <load_address>0x7a</load_address>
         <run_address>0x7a</run_address>
         <size>0x41</size>
         <input_file_ref idref="fl-2"/>
      </object_component>
      <object_component id="oc-207">
         <name>.debug_line</name>
         <load_address>0xbb</load_address>
         <run_address>0xbb</run_address>
         <size>0x42</size>
         <input_file_ref idref="fl-2"/>
      </object_component>
      <object_component id="oc-e2">
         <name>.debug_line</name>
         <load_address>0xfd</load_address>
         <run_address>0xfd</run_address>
         <size>0x6f</size>
         <input_file_ref idref="fl-2"/>
      </object_component>
      <object_component id="oc-16f">
         <name>.debug_line</name>
         <load_address>0x16c</load_address>
         <run_address>0x16c</run_address>
         <size>0x78</size>
         <input_file_ref idref="fl-2"/>
      </object_component>
      <object_component id="oc-16a">
         <name>.debug_line</name>
         <load_address>0x1e4</load_address>
         <run_address>0x1e4</run_address>
         <size>0x7b</size>
         <input_file_ref idref="fl-2"/>
      </object_component>
      <object_component id="oc-35">
         <name>.debug_line</name>
         <load_address>0x25f</load_address>
         <run_address>0x25f</run_address>
         <size>0x20</size>
         <input_file_ref idref="fl-2"/>
      </object_component>
      <object_component id="oc-180">
         <name>.debug_line</name>
         <load_address>0x27f</load_address>
         <run_address>0x27f</run_address>
         <size>0x73</size>
         <input_file_ref idref="fl-2"/>
      </object_component>
      <object_component id="oc-179">
         <name>.debug_line</name>
         <load_address>0x2f2</load_address>
         <run_address>0x2f2</run_address>
         <size>0x6f</size>
         <input_file_ref idref="fl-2"/>
      </object_component>
      <object_component id="oc-db">
         <name>.debug_line</name>
         <load_address>0x361</load_address>
         <run_address>0x361</run_address>
         <size>0x70</size>
         <input_file_ref idref="fl-2"/>
      </object_component>
      <object_component id="oc-18d">
         <name>.debug_line</name>
         <load_address>0x3d1</load_address>
         <run_address>0x3d1</run_address>
         <size>0x46</size>
         <input_file_ref idref="fl-3"/>
      </object_component>
      <object_component id="oc-107">
         <name>.debug_line</name>
         <load_address>0x417</load_address>
         <run_address>0x417</run_address>
         <size>0x20</size>
         <input_file_ref idref="fl-3"/>
      </object_component>
      <object_component id="oc-29c">
         <name>.debug_line</name>
         <load_address>0x437</load_address>
         <run_address>0x437</run_address>
         <size>0x2f</size>
         <input_file_ref idref="fl-4"/>
      </object_component>
      <object_component id="oc-1b8">
         <name>.debug_line</name>
         <load_address>0x466</load_address>
         <run_address>0x466</run_address>
         <size>0x44</size>
         <input_file_ref idref="fl-4"/>
      </object_component>
      <object_component id="oc-23c">
         <name>.debug_line</name>
         <load_address>0x4aa</load_address>
         <run_address>0x4aa</run_address>
         <size>0x5f</size>
         <input_file_ref idref="fl-4"/>
      </object_component>
      <object_component id="oc-231">
         <name>.debug_line</name>
         <load_address>0x509</load_address>
         <run_address>0x509</run_address>
         <size>0x46</size>
         <input_file_ref idref="fl-4"/>
      </object_component>
      <object_component id="oc-29a">
         <name>.debug_line</name>
         <load_address>0x54f</load_address>
         <run_address>0x54f</run_address>
         <size>0x95</size>
         <input_file_ref idref="fl-5"/>
      </object_component>
      <object_component id="oc-1b1">
         <name>.debug_line</name>
         <load_address>0x5e4</load_address>
         <run_address>0x5e4</run_address>
         <size>0x49</size>
         <input_file_ref idref="fl-5"/>
      </object_component>
      <object_component id="oc-2ed">
         <name>.debug_line</name>
         <load_address>0x62d</load_address>
         <run_address>0x62d</run_address>
         <size>0x47</size>
         <input_file_ref idref="fl-5"/>
      </object_component>
      <object_component id="oc-2a3">
         <name>.debug_line</name>
         <load_address>0x674</load_address>
         <run_address>0x674</run_address>
         <size>0x5a</size>
         <input_file_ref idref="fl-5"/>
      </object_component>
      <object_component id="oc-237">
         <name>.debug_line</name>
         <load_address>0x6ce</load_address>
         <run_address>0x6ce</run_address>
         <size>0x44</size>
         <input_file_ref idref="fl-5"/>
      </object_component>
      <object_component id="oc-1bd">
         <name>.debug_line</name>
         <load_address>0x712</load_address>
         <run_address>0x712</run_address>
         <size>0x52</size>
         <input_file_ref idref="fl-5"/>
      </object_component>
      <object_component id="oc-166">
         <name>.debug_line</name>
         <load_address>0x764</load_address>
         <run_address>0x764</run_address>
         <size>0x2e2</size>
         <input_file_ref idref="fl-6"/>
      </object_component>
      <object_component id="oc-17c">
         <name>.debug_line</name>
         <load_address>0xa46</load_address>
         <run_address>0xa46</run_address>
         <size>0x2d</size>
         <input_file_ref idref="fl-6"/>
      </object_component>
      <object_component id="oc-1ce">
         <name>.debug_line</name>
         <load_address>0xa73</load_address>
         <run_address>0xa73</run_address>
         <size>0x2d</size>
         <input_file_ref idref="fl-6"/>
      </object_component>
      <object_component id="oc-f5">
         <name>.debug_line</name>
         <load_address>0xaa0</load_address>
         <run_address>0xaa0</run_address>
         <size>0x4e</size>
         <input_file_ref idref="fl-6"/>
      </object_component>
      <object_component id="oc-fb">
         <name>.debug_line</name>
         <load_address>0xaee</load_address>
         <run_address>0xaee</run_address>
         <size>0x64</size>
         <input_file_ref idref="fl-6"/>
      </object_component>
      <object_component id="oc-a0">
         <name>.debug_line</name>
         <load_address>0xb52</load_address>
         <run_address>0xb52</run_address>
         <size>0x47</size>
         <input_file_ref idref="fl-6"/>
      </object_component>
      <object_component id="oc-74">
         <name>.debug_line</name>
         <load_address>0xb99</load_address>
         <run_address>0xb99</run_address>
         <size>0x64</size>
         <input_file_ref idref="fl-6"/>
      </object_component>
      <object_component id="oc-174">
         <name>.debug_line</name>
         <load_address>0xbfd</load_address>
         <run_address>0xbfd</run_address>
         <size>0x2d</size>
         <input_file_ref idref="fl-6"/>
      </object_component>
      <object_component id="oc-b2">
         <name>.debug_line</name>
         <load_address>0xc2a</load_address>
         <run_address>0xc2a</run_address>
         <size>0x66</size>
         <input_file_ref idref="fl-7"/>
      </object_component>
      <object_component id="oc-de">
         <name>.debug_line</name>
         <load_address>0xc90</load_address>
         <run_address>0xc90</run_address>
         <size>0x44</size>
         <input_file_ref idref="fl-8"/>
      </object_component>
      <object_component id="oc-7a">
         <name>.debug_line</name>
         <load_address>0xcd4</load_address>
         <run_address>0xcd4</run_address>
         <size>0x44</size>
         <input_file_ref idref="fl-8"/>
      </object_component>
      <object_component id="oc-6c">
         <name>.debug_line</name>
         <load_address>0xd18</load_address>
         <run_address>0xd18</run_address>
         <size>0x5d</size>
         <input_file_ref idref="fl-8"/>
      </object_component>
      <object_component id="oc-6f">
         <name>.debug_line</name>
         <load_address>0xd75</load_address>
         <run_address>0xd75</run_address>
         <size>0x59</size>
         <input_file_ref idref="fl-8"/>
      </object_component>
      <object_component id="oc-26c">
         <name>.debug_line</name>
         <load_address>0xdce</load_address>
         <run_address>0xdce</run_address>
         <size>0x56</size>
         <input_file_ref idref="fl-13"/>
      </object_component>
      <object_component id="oc-1f7">
         <name>.debug_line</name>
         <load_address>0xe24</load_address>
         <run_address>0xe24</run_address>
         <size>0x52</size>
         <input_file_ref idref="fl-13"/>
      </object_component>
      <object_component id="oc-15e">
         <name>.debug_line</name>
         <load_address>0xe76</load_address>
         <run_address>0xe76</run_address>
         <size>0x95</size>
         <input_file_ref idref="fl-13"/>
      </object_component>
      <object_component id="oc-d0">
         <name>.debug_line</name>
         <load_address>0xf0b</load_address>
         <run_address>0xf0b</run_address>
         <size>0x7c</size>
         <input_file_ref idref="fl-13"/>
      </object_component>
      <object_component id="oc-ca">
         <name>.debug_line</name>
         <load_address>0xf87</load_address>
         <run_address>0xf87</run_address>
         <size>0x71</size>
         <input_file_ref idref="fl-13"/>
      </object_component>
      <object_component id="oc-14d">
         <name>.debug_line</name>
         <load_address>0xff8</load_address>
         <run_address>0xff8</run_address>
         <size>0x6d</size>
         <input_file_ref idref="fl-13"/>
      </object_component>
      <object_component id="oc-be">
         <name>.debug_line</name>
         <load_address>0x1065</load_address>
         <run_address>0x1065</run_address>
         <size>0x6d</size>
         <input_file_ref idref="fl-13"/>
      </object_component>
      <object_component id="oc-c4">
         <name>.debug_line</name>
         <load_address>0x10d2</load_address>
         <run_address>0x10d2</run_address>
         <size>0x6f</size>
         <input_file_ref idref="fl-13"/>
      </object_component>
      <object_component id="oc-270">
         <name>.debug_line</name>
         <load_address>0x1141</load_address>
         <run_address>0x1141</run_address>
         <size>0x51</size>
         <input_file_ref idref="fl-13"/>
      </object_component>
      <object_component id="oc-27a">
         <name>.debug_line</name>
         <load_address>0x1192</load_address>
         <run_address>0x1192</run_address>
         <size>0x51</size>
         <input_file_ref idref="fl-13"/>
      </object_component>
      <object_component id="oc-275">
         <name>.debug_line</name>
         <load_address>0x11e3</load_address>
         <run_address>0x11e3</run_address>
         <size>0x4f</size>
         <input_file_ref idref="fl-13"/>
      </object_component>
      <object_component id="oc-1f3">
         <name>.debug_line</name>
         <load_address>0x1232</load_address>
         <run_address>0x1232</run_address>
         <size>0x55</size>
         <input_file_ref idref="fl-13"/>
      </object_component>
      <object_component id="oc-152">
         <name>.debug_line</name>
         <load_address>0x1287</load_address>
         <run_address>0x1287</run_address>
         <size>0x51</size>
         <input_file_ref idref="fl-13"/>
      </object_component>
      <object_component id="oc-158">
         <name>.debug_line</name>
         <load_address>0x12d8</load_address>
         <run_address>0x12d8</run_address>
         <size>0x52</size>
         <input_file_ref idref="fl-13"/>
      </object_component>
      <object_component id="oc-2ff">
         <name>.debug_line</name>
         <load_address>0x132a</load_address>
         <run_address>0x132a</run_address>
         <size>0x8b</size>
         <input_file_ref idref="fl-14"/>
      </object_component>
      <object_component id="oc-2e2">
         <name>.debug_line</name>
         <load_address>0x13b5</load_address>
         <run_address>0x13b5</run_address>
         <size>0x4f</size>
         <input_file_ref idref="fl-14"/>
      </object_component>
      <object_component id="oc-285">
         <name>.debug_line</name>
         <load_address>0x1404</load_address>
         <run_address>0x1404</run_address>
         <size>0x79</size>
         <input_file_ref idref="fl-14"/>
      </object_component>
      <object_component id="oc-20f">
         <name>.debug_line</name>
         <load_address>0x147d</load_address>
         <run_address>0x147d</run_address>
         <size>0xb0</size>
         <input_file_ref idref="fl-14"/>
      </object_component>
      <object_component id="oc-2dd">
         <name>.debug_line</name>
         <load_address>0x152d</load_address>
         <run_address>0x152d</run_address>
         <size>0x7f</size>
         <input_file_ref idref="fl-14"/>
      </object_component>
      <object_component id="oc-291">
         <name>.debug_line</name>
         <load_address>0x15ac</load_address>
         <run_address>0x15ac</run_address>
         <size>0xa3</size>
         <input_file_ref idref="fl-14"/>
      </object_component>
      <object_component id="oc-19f">
         <name>.debug_line</name>
         <load_address>0x164f</load_address>
         <run_address>0x164f</run_address>
         <size>0x69</size>
         <input_file_ref idref="fl-14"/>
      </object_component>
      <object_component id="oc-288">
         <name>.debug_line</name>
         <load_address>0x16b8</load_address>
         <run_address>0x16b8</run_address>
         <size>0x69</size>
         <input_file_ref idref="fl-14"/>
      </object_component>
      <object_component id="oc-303">
         <name>.debug_line</name>
         <load_address>0x1721</load_address>
         <run_address>0x1721</run_address>
         <size>0x55</size>
         <input_file_ref idref="fl-14"/>
      </object_component>
      <object_component id="oc-2fa">
         <name>.debug_line</name>
         <load_address>0x1776</load_address>
         <run_address>0x1776</run_address>
         <size>0x56</size>
         <input_file_ref idref="fl-16"/>
      </object_component>
      <object_component id="oc-2cf">
         <name>.debug_line</name>
         <load_address>0x17cc</load_address>
         <run_address>0x17cc</run_address>
         <size>0x51</size>
         <input_file_ref idref="fl-16"/>
      </object_component>
      <object_component id="oc-21f">
         <name>.debug_line</name>
         <load_address>0x181d</load_address>
         <run_address>0x181d</run_address>
         <size>0x6e</size>
         <input_file_ref idref="fl-16"/>
      </object_component>
      <object_component id="oc-2e8">
         <name>.debug_line</name>
         <load_address>0x188b</load_address>
         <run_address>0x188b</run_address>
         <size>0x6c</size>
         <input_file_ref idref="fl-16"/>
      </object_component>
      <object_component id="oc-218">
         <name>.debug_line</name>
         <load_address>0x18f7</load_address>
         <run_address>0x18f7</run_address>
         <size>0x6c</size>
         <input_file_ref idref="fl-16"/>
      </object_component>
      <object_component id="oc-201">
         <name>.debug_line</name>
         <load_address>0x1963</load_address>
         <run_address>0x1963</run_address>
         <size>0x70</size>
         <input_file_ref idref="fl-16"/>
      </object_component>
      <object_component id="oc-1c0">
         <name>.debug_line</name>
         <load_address>0x19d3</load_address>
         <run_address>0x19d3</run_address>
         <size>0x6e</size>
         <input_file_ref idref="fl-17"/>
      </object_component>
      <object_component id="oc-309">
         <name>.debug_line</name>
         <load_address>0x1a41</load_address>
         <run_address>0x1a41</run_address>
         <size>0x20</size>
         <input_file_ref idref="fl-18"/>
      </object_component>
      <object_component id="oc-2d7">
         <name>.debug_line</name>
         <load_address>0x1a61</load_address>
         <run_address>0x1a61</run_address>
         <size>0x96</size>
         <input_file_ref idref="fl-18"/>
      </object_component>
      <object_component id="oc-2b4">
         <name>.debug_line</name>
         <load_address>0x1af7</load_address>
         <run_address>0x1af7</run_address>
         <size>0x69</size>
         <input_file_ref idref="fl-19"/>
      </object_component>
      <object_component id="oc-2ba">
         <name>.debug_line</name>
         <load_address>0x1b60</load_address>
         <run_address>0x1b60</run_address>
         <size>0x6b</size>
         <input_file_ref idref="fl-19"/>
      </object_component>
      <object_component id="oc-199">
         <name>.debug_line</name>
         <load_address>0x1bcb</load_address>
         <run_address>0x1bcb</run_address>
         <size>0xc1</size>
         <input_file_ref idref="fl-1a"/>
      </object_component>
      <object_component id="oc-1a5">
         <name>.debug_line</name>
         <load_address>0x1c8c</load_address>
         <run_address>0x1c8c</run_address>
         <size>0x70</size>
         <input_file_ref idref="fl-1a"/>
      </object_component>
      <object_component id="oc-1ab">
         <name>.debug_line</name>
         <load_address>0x1cfc</load_address>
         <run_address>0x1cfc</run_address>
         <size>0x73</size>
         <input_file_ref idref="fl-1a"/>
      </object_component>
      <object_component id="oc-187">
         <name>.debug_line</name>
         <load_address>0x1d6f</load_address>
         <run_address>0x1d6f</run_address>
         <size>0x6a</size>
         <input_file_ref idref="fl-1b"/>
      </object_component>
      <object_component id="oc-244">
         <name>.debug_line</name>
         <load_address>0x1dd9</load_address>
         <run_address>0x1dd9</run_address>
         <size>0x69</size>
         <input_file_ref idref="fl-1c"/>
      </object_component>
      <object_component id="oc-2ae">
         <name>.debug_line</name>
         <load_address>0x1e42</load_address>
         <run_address>0x1e42</run_address>
         <size>0x81</size>
         <input_file_ref idref="fl-d2"/>
      </object_component>
      <object_component id="oc-94">
         <name>.debug_line</name>
         <load_address>0x1ec3</load_address>
         <run_address>0x1ec3</run_address>
         <size>0x79</size>
         <input_file_ref idref="fl-d3"/>
      </object_component>
      <object_component id="oc-2a6">
         <name>.debug_line</name>
         <load_address>0x1f3c</load_address>
         <run_address>0x1f3c</run_address>
         <size>0x43</size>
         <input_file_ref idref="fl-d4"/>
      </object_component>
      <object_component id="oc-f1">
         <name>.debug_line</name>
         <load_address>0x1f7f</load_address>
         <run_address>0x1f7f</run_address>
         <size>0x92</size>
         <input_file_ref idref="fl-d5"/>
      </object_component>
      <object_component id="oc-47">
         <name>.debug_line</name>
         <load_address>0x2011</load_address>
         <run_address>0x2011</run_address>
         <size>0x56</size>
         <input_file_ref idref="fl-d5"/>
      </object_component>
      <object_component id="oc-90">
         <name>.debug_line</name>
         <load_address>0x2067</load_address>
         <run_address>0x2067</run_address>
         <size>0x34</size>
         <input_file_ref idref="fl-d5"/>
      </object_component>
      <object_component id="oc-ee">
         <name>.debug_line</name>
         <load_address>0x209b</load_address>
         <run_address>0x209b</run_address>
         <size>0x92</size>
         <input_file_ref idref="fl-d5"/>
      </object_component>
      <object_component id="oc-8b">
         <name>.debug_line</name>
         <load_address>0x212d</load_address>
         <run_address>0x212d</run_address>
         <size>0x20</size>
         <input_file_ref idref="fl-d6"/>
      </object_component>
      <object_component id="oc-22">
         <name>.debug_line</name>
         <load_address>0x214d</load_address>
         <run_address>0x214d</run_address>
         <size>0x55</size>
         <input_file_ref idref="fl-d6"/>
      </object_component>
      <object_component id="oc-40">
         <name>.debug_line</name>
         <load_address>0x21a2</load_address>
         <run_address>0x21a2</run_address>
         <size>0x3a</size>
         <input_file_ref idref="fl-d6"/>
      </object_component>
      <object_component id="oc-88">
         <name>.debug_line</name>
         <load_address>0x21dc</load_address>
         <run_address>0x21dc</run_address>
         <size>0x92</size>
         <input_file_ref idref="fl-d6"/>
      </object_component>
      <object_component id="oc-ea">
         <name>.debug_line</name>
         <load_address>0x226e</load_address>
         <run_address>0x226e</run_address>
         <size>0x20</size>
         <input_file_ref idref="fl-d7"/>
      </object_component>
      <object_component id="oc-1b">
         <name>.debug_line</name>
         <load_address>0x228e</load_address>
         <run_address>0x228e</run_address>
         <size>0xa9</size>
         <input_file_ref idref="fl-d7"/>
      </object_component>
      <object_component id="oc-30">
         <name>.debug_line</name>
         <load_address>0x2337</load_address>
         <run_address>0x2337</run_address>
         <size>0x3a</size>
         <input_file_ref idref="fl-d7"/>
      </object_component>
      <object_component id="oc-e7">
         <name>.debug_line</name>
         <load_address>0x2371</load_address>
         <run_address>0x2371</run_address>
         <size>0x9a</size>
         <input_file_ref idref="fl-d7"/>
      </object_component>
      <object_component id="oc-81">
         <name>.debug_line</name>
         <load_address>0x240b</load_address>
         <run_address>0x240b</run_address>
         <size>0x96</size>
         <input_file_ref idref="fl-d7"/>
      </object_component>
      <object_component id="oc-2be">
         <name>.debug_line</name>
         <load_address>0x24a1</load_address>
         <run_address>0x24a1</run_address>
         <size>0x2a</size>
         <input_file_ref idref="fl-d8"/>
      </object_component>
      <object_component id="oc-1c8">
         <name>.debug_line</name>
         <load_address>0x24cb</load_address>
         <run_address>0x24cb</run_address>
         <size>0x45</size>
         <input_file_ref idref="fl-d8"/>
      </object_component>
      <object_component id="oc-7d">
         <name>.debug_line</name>
         <load_address>0x2510</load_address>
         <run_address>0x2510</run_address>
         <size>0x33</size>
         <input_file_ref idref="fl-d9"/>
      </object_component>
      <object_component id="oc-56">
         <name>.debug_line</name>
         <load_address>0x2543</load_address>
         <run_address>0x2543</run_address>
         <size>0x45</size>
         <input_file_ref idref="fl-d9"/>
      </object_component>
      <object_component id="oc-2f5">
         <name>.debug_line</name>
         <load_address>0x2588</load_address>
         <run_address>0x2588</run_address>
         <size>0x37</size>
         <input_file_ref idref="fl-da"/>
      </object_component>
[...]
            <load_size>0x8</load_size>
            <run_address>0x20000000</run_address>
            <run_size>0x29</run_size>
            <compression>zero_init</compression>
         </cprec>
      </cptbl>
   </cptbl_list>
   <handler_table>
      <handler_table_name>__TI_handler_table</handler_table_name>
      <handler>
         <index>0x0</index>
         <name>__TI_decompress_lzss</name>
      </handler>
      <handler>
         <index>0x1</index>
         <name>__TI_decompress_none</name>
      </handler>
      <handler>
         <index>0x2</index>
         <name>__TI_zero_init</name>
      </handler>
   </handler_table>
   <symbol_table>
      <symbol id="sm-1">
         <name>WDTCTL_SYM</name>
         <value>0x4000480c</value>
      </symbol>
      <symbol id="sm-2">
         <name>__start___llvm_prf_cnts</name>
         <value>0x20000000</value>
      </symbol>
      <symbol id="sm-3">
         <name>__stop___llvm_prf_cnts</name>
         <value>0x20000000</value>
      </symbol>
      <symbol id="sm-4">
         <name>__TI_CINIT_Base</name>
         <value>0x11c8</value>
      </symbol>
      <symbol id="sm-5">
         <name>__TI_CINIT_Limit</name>
         <value>0x11d8</value>
      </symbol>
      <symbol id="sm-6">
         <name>__TI_Handler_Table_Base</name>
         <value>0x11b0</value>
      </symbol>
      <symbol id="sm-7">
         <name>__TI_Handler_Table_Limit</name>
         <value>0x11bc</value>
      </symbol>
      <symbol id="sm-8">
         <name>binit</name>
         <value>0xffffffff</value>
      </symbol>
      <symbol id="sm-9">
         <name>__binit__</name>
         <value>0xffffffff</value>
      </symbol>
      <symbol id="sm-a">
         <name>__STACK_SIZE</name>
         <value>0x200</value>
      </symbol>
      <symbol id="sm-b">
         <name>__STACK_END</name>
         <value>0x20010000</value>
      </symbol>
      <symbol id="sm-c">
         <name>__c_args__</name>
         <value>0xffffffff</value>
      </symbol>
      <symbol id="sm-d">
         <name>__TI_pprof_out_hndl</name>
         <value>0xffffffff</value>
      </symbol>
      <symbol id="sm-e">
         <name>__TI_prof_data_start</name>
         <value>0xffffffff</value>
      </symbol>
      <symbol id="sm-f">
         <name>__TI_prof_data_size</name>
         <value>0xffffffff</value>
      </symbol>
      <symbol id="sm-63">
         <name>RGBLED_init</name>
         <value>0x1051</value>
         <object_component_ref idref="oc-203"/>
      </symbol>
      <symbol id="sm-64">
         <name>LED_init</name>
         <value>0x10db</value>
         <object_component_ref idref="oc-18f"/>
      </symbol>
      <symbol id="sm-73">
         <name>Switch_init</name>
         <value>0x10cf</value>
         <object_component_ref idref="oc-189"/>
      </symbol>
      <symbol id="sm-a1">
         <name>delayMilliSec</name>
         <value>0x1065</value>
         <object_component_ref idref="oc-22c"/>
      </symbol>
      <symbol id="sm-a2">
         <name>delayMicroSec</name>
         <value>0x8e5</value>
         <object_component_ref idref="oc-238"/>
      </symbol>
      <symbol id="sm-a3">
         <name>initDelayTimer</name>
         <value>0x1021</value>
         <object_component_ref idref="oc-1b3"/>
      </symbol>
      <symbol id="sm-a4">
         <name>sysClkFreq</name>
         <value>0x20000038</value>
         <object_component_ref idref="oc-228"/>
      </symbol>
      <symbol id="sm-e4">
         <name>RS_Port</name>
         <value>0x20000024</value>
      </symbol>
      <symbol id="sm-e5">
         <name>EN_Port</name>
         <value>0x2000001c</value>
      </symbol>
      <symbol id="sm-e6">
         <name>DB_Port</name>
         <value>0x20000014</value>
      </symbol>
      <symbol id="sm-e7">
         <name>RS_Pin</name>
         <value>0x20000020</value>
      </symbol>
      <symbol id="sm-e8">
         <name>EN_Pin</name>
         <value>0x20000018</value>
      </symbol>
      <symbol id="sm-e9">
         <name>configLCD</name>
         <value>0xb15</value>
         <object_component_ref idref="oc-1ad"/>
      </symbol>
      <symbol id="sm-ea">
         <name>commandInstruction</name>
         <value>0x1005</value>
         <object_component_ref idref="oc-232"/>
      </symbol>
      <symbol id="sm-eb">
         <name>writeInstruction</name>
         <value>0x441</value>
         <object_component_ref idref="oc-29e"/>
      </symbol>
      <symbol id="sm-ec">
         <name>instructionDelay</name>
         <value>0xe79</value>
         <object_component_ref idref="oc-2e9"/>
      </symbol>
      <symbol id="sm-ed">
         <name>initLCD</name>
         <value>0x9d5</value>
         <object_component_ref idref="oc-1b9"/>
      </symbol>
      <symbol id="sm-140">
         <name>currentTask</name>
         <value>0x20000028</value>
      </symbol>
      <symbol id="sm-141">
         <name>main</name>
         <value>0xfc5</value>
         <object_component_ref idref="oc-9f"/>
      </symbol>
      <symbol id="sm-142">
         <name>ADC14_IRQHandler</name>
         <value>0x505</value>
         <object_component_ref idref="oc-73"/>
      </symbol>
      <symbol id="sm-143">
         <name>setup</name>
         <value>0xc35</value>
         <object_component_ref idref="oc-f4"/>
      </symbol>
      <symbol id="sm-144">
         <name>generateRandomOrder</name>
         <value>0x95d</value>
         <object_component_ref idref="oc-fa"/>
      </symbol>
      <symbol id="sm-157">
         <name>SystemInit</name>
         <value>0x86d</value>
         <object_component_ref idref="oc-b1"/>
      </symbol>
      <symbol id="sm-173">
         <name>Reset_Handler</name>
         <value>0x10c3</value>
         <object_component_ref idref="oc-67"/>
      </symbol>
      <symbol id="sm-174">
         <name>Default_Handler</name>
         <value>0x6df</value>
         <object_component_ref idref="oc-6d"/>
      </symbol>
      <symbol id="sm-175">
         <name>interruptVectors</name>
         <value>0x0</value>
         <object_component_ref idref="oc-26"/>
      </symbol>
      <symbol id="sm-20c">
         <name>ADC14_getInterruptStatus</name>
         <value>0xea9</value>
         <object_component_ref idref="oc-148"/>
      </symbol>
      <symbol id="sm-20d">
         <name>ADC14_toggleConversionTrigger</name>
         <value>0xed5</value>
         <object_component_ref idref="oc-cb"/>
      </symbol>
      <symbol id="sm-20e">
         <name>ADC14_getEnabledInterruptStatus</name>
         <value>0xd0d</value>
         <object_component_ref idref="oc-b9"/>
      </symbol>
      <symbol id="sm-20f">
         <name>ADC14_clearInterruptFlag</name>
         <value>0xe19</value>
         <object_component_ref idref="oc-bf"/>
      </symbol>
      <symbol id="sm-210">
         <name>ADC14_getResult</name>
         <value>0xf01</value>
         <object_component_ref idref="oc-c5"/>
      </symbol>
      <symbol id="sm-297">
         <name>CS_getMCLK</name>
         <value>0xf29</value>
         <object_component_ref idref="oc-19b"/>
      </symbol>
      <symbol id="sm-298">
         <name>CS_clearInterruptFlag</name>
         <value>0xe49</value>
         <object_component_ref idref="oc-287"/>
      </symbol>
      <symbol id="sm-299">
         <name>CS_getDCOFrequency</name>
         <value>0x349</value>
         <object_component_ref idref="oc-28d"/>
      </symbol>
      <symbol id="sm-2ce">
         <name>GPIO_setOutputHighOnPin</name>
         <value>0xf51</value>
         <object_component_ref idref="oc-2e3"/>
      </symbol>
      <symbol id="sm-2cf">
         <name>GPIO_setAsInputPinWithPullUpResistor</name>
         <value>0xbdd</value>
         <object_component_ref idref="oc-1fc"/>
      </symbol>
      <symbol id="sm-2d0">
         <name>GPIO_setAsOutputPin</name>
         <value>0xccd</value>
         <object_component_ref idref="oc-21a"/>
      </symbol>
      <symbol id="sm-2d1">
         <name>GPIO_setOutputLowOnPin</name>
         <value>0xf79</value>
         <object_component_ref idref="oc-214"/>
      </symbol>
      <symbol id="sm-2dc">
         <name>Interrupt_enableMaster</name>
         <value>0x1077</value>
         <object_component_ref idref="oc-1bf"/>
      </symbol>
      <symbol id="sm-2f2">
         <name>SysCtl_A_getTLVInfo</name>
         <value>0x6e1</value>
         <object_component_ref idref="oc-2d3"/>
      </symbol>
      <symbol id="sm-308">
         <name>SysTick_disableModule</name>
         <value>0x1089</value>
         <object_component_ref idref="oc-2b5"/>
      </symbol>
      <symbol id="sm-309">
         <name>SysTick_enableModule</name>
         <value>0x1099</value>
         <object_component_ref idref="oc-2af"/>
      </symbol>
      <symbol id="sm-332">
         <name>Timer32_startTimer</name>
         <value>0xd45</value>
         <object_component_ref idref="oc-1a7"/>
      </symbol>
      <symbol id="sm-333">
         <name>Timer32_setCount</name>
         <value>0xd7d</value>
         <object_component_ref idref="oc-1a1"/>
      </symbol>
      <symbol id="sm-334">
         <name>Timer32_initModule</name>
         <value>0xa45</value>
         <object_component_ref idref="oc-195"/>
      </symbol>
      <symbol id="sm-340">
         <name>WDT_A_holdTimer</name>
         <value>0xfa1</value>
         <object_component_ref idref="oc-183"/>
      </symbol>
      <symbol id="sm-34a">
         <name>CPU_cpsie</name>
         <value>0x10b7</value>
         <object_component_ref idref="oc-23f"/>
      </symbol>
      <symbol id="sm-357">
         <name>__aeabi_uldivmod</name>
         <value>0x649</value>
         <object_component_ref idref="oc-2aa"/>
      </symbol>
      <symbol id="sm-366">
         <name>__aeabi_memset</name>
         <value>0x7f3</value>
         <object_component_ref idref="oc-93"/>
      </symbol>
      <symbol id="sm-367">
         <name>memset</name>
         <value>0x7f9</value>
         <object_component_ref idref="oc-93"/>
      </symbol>
      <symbol id="sm-368">
         <name>__aeabi_memset8</name>
         <value>0x7f3</value>
         <object_component_ref idref="oc-93"/>
      </symbol>
      <symbol id="sm-369">
         <name>__aeabi_memset4</name>
         <value>0x7f3</value>
         <object_component_ref idref="oc-93"/>
      </symbol>
      <symbol id="sm-36a">
         <name>__aeabi_memclr8</name>
         <value>0x7f1</value>
         <object_component_ref idref="oc-93"/>
      </symbol>
      <symbol id="sm-36b">
         <name>__aeabi_memclr4</name>
         <value>0x7f1</value>
         <object_component_ref idref="oc-93"/>
      </symbol>
      <symbol id="sm-36c">
         <name>__aeabi_memclr</name>
         <value>0x7f1</value>
         <object_component_ref idref="oc-93"/>
      </symbol>
      <symbol id="sm-375">
         <name>__aeabi_lmul</name>
         <value>0x1039</value>
         <object_component_ref idref="oc-2a5"/>
      </symbol>
      <symbol id="sm-38e">
         <name>__TI_zero_init_nomemset</name>
         <value>0xfe9</value>
         <object_component_ref idref="oc-43"/>
      </symbol>
      <symbol id="sm-3a5">
         <name>__TI_decompress_none</name>
         <value>0x10a9</value>
         <object_component_ref idref="oc-1d"/>
      </symbol>
      <symbol id="sm-3c8">
         <name>__TI_decompress_lzss</name>
         <value>0xaad</value>
         <object_component_ref idref="oc-17"/>
      </symbol>
      <symbol id="sm-3de">
         <name>rand</name>
         <value>0xde5</value>
         <object_component_ref idref="oc-1c6"/>
      </symbol>
      <symbol id="sm-3f1">
         <name>__stack</name>
         <value>0x2000fe00</value>
         <object_component_ref idref="oc-29"/>
      </symbol>
      <symbol id="sm-3f2">
         <name>_c_int00_noargs</name>
         <value>0xdb1</value>
         <object_component_ref idref="oc-55"/>
      </symbol>
      <symbol id="sm-3fc">
         <name>__aeabi_idiv0</name>
         <value>0xbdb</value>
         <object_component_ref idref="oc-2f1"/>
      </symbol>
      <symbol id="sm-3fd">
         <name>__aeabi_ldiv0</name>
         <value>0xbdb</value>
         <object_component_ref idref="oc-2f1"/>
      </symbol>
      <symbol id="sm-418">
         <name>memcpy</name>
         <value>0x5ad</value>
         <object_component_ref idref="oc-37"/>
      </symbol>
      <symbol id="sm-419">
         <name>__aeabi_memcpy</name>
         <value>0x5ad</value>
         <object_component_ref idref="oc-37"/>
      </symbol>
      <symbol id="sm-41a">
         <name>__aeabi_memcpy8</name>
         <value>0x5ad</value>
         <object_component_ref idref="oc-37"/>
      </symbol>
      <symbol id="sm-41b">
         <name>__aeabi_memcpy4</name>
         <value>0x5ad</value>
         <object_component_ref idref="oc-37"/>
      </symbol>
      <symbol id="sm-443">
         <name>__TI_auto_init_nobinit_nopinit</name>
         <value>0xc89</value>
         <object_component_ref idref="oc-115"/>
      </symbol>
      <symbol id="sm-44d">
         <name>_system_pre_init</name>
         <value>0x10e3</value>
         <object_component_ref idref="oc-99"/>
      </symbol>
      <symbol id="sm-459">
         <name>C$$EXIT</name>
         <value>0x10e7</value>
         <object_component_ref idref="oc-109"/>
      </symbol>
      <symbol id="sm-45a">
         <name>abort</name>
         <value>0x10e7</value>
         <object_component_ref idref="oc-109"/>
      </symbol>
      <symbol id="sm-46f">
         <name>_nop</name>
         <value>0x86b</value>
         <object_component_ref idref="oc-24c"/>
      </symbol>
      <symbol id="sm-470">
         <name>_lock</name>
         <value>0x20000030</value>
         <object_component_ref idref="oc-1d3"/>
      </symbol>
      <symbol id="sm-471">
         <name>_unlock</name>
         <value>0x20000034</value>
         <object_component_ref idref="oc-1d3"/>
      </symbol>
      <symbol id="sm-473">
         <name>__TI_static_base__</name>
         <value>0x0</value>
      </symbol>
      <symbol id="sm-476">
         <name>__mpu_init</name>
         <value>0x0</value>
      </symbol>
      <symbol id="sm-477">
         <name>_system_post_cinit</name>
         <value>0x0</value>
      </symbol>
      <symbol id="sm-478">
         <name>NMI_Handler</name>
         <value>0x6df</value>
      </symbol>
      <symbol id="sm-479">
         <name>HardFault_Handler</name>
         <value>0x6df</value>
      </symbol>
      <symbol id="sm-47a">
         <name>MemManage_Handler</name>
         <value>0x6df</value>
      </symbol>
      <symbol id="sm-47b">
         <name>BusFault_Handler</name>
         <value>0x6df</value>
      </symbol>
      <symbol id="sm-47c">
         <name>UsageFault_Handler</name>
         <value>0x6df</value>
      </symbol>
      <symbol id="sm-47d">
         <name>SVC_Handler</name>
         <value>0x6df</value>
      </symbol>
      <symbol id="sm-47e">
         <name>DebugMon_Handler</name>
         <value>0x6df</value>
      </symbol>
      <symbol id="sm-47f">
         <name>PendSV_Handler</name>
         <value>0x6df</value>
      </symbol>
      <symbol id="sm-480">
         <name>SysTick_Handler</name>
         <value>0x6df</value>
      </symbol>
      <symbol id="sm-481">
         <name>PSS_IRQHandler</name>
         <value>0x6df</value>
      </symbol>
      <symbol id="sm-482">
         <name>CS_IRQHandler</name>
         <value>0x6df</value>
      </symbol>
      <symbol id="sm-483">
         <name>PCM_IRQHandler</name>
         <value>0x6df</value>
      </symbol>
      <symbol id="sm-484">
         <name>WDT_A_IRQHandler</name>
         <value>0x6df</value>
      </symbol>
      <symbol id="sm-485">
         <name>FPU_IRQHandler</name>
         <value>0x6df</value>
      </symbol>
      <symbol id="sm-486">
         <name>FLCTL_IRQHandler</name>
         <value>0x6df</value>
      </symbol>
      <symbol id="sm-487">
         <name>COMP_E0_IRQHandler</name>
         <value>0x6df</value>
      </symbol>
      <symbol id="sm-488">
         <name>COMP_E1_IRQHandler</name>
         <value>0x6df</value>
      </symbol>
      <symbol id="sm-489">
         <name>TA0_0_IRQHandler</name>
         <value>0x6df</value>
      </symbol>
      <symbol id="sm-48a">
         <name>TA0_N_IRQHandler</name>
         <value>0x6df</value>
      </symbol>
      <symbol id="sm-48b">
         <name>TA1_0_IRQHandler</name>
         <value>0x6df</value>
      </symbol>
      <symbol id="sm-48c">
         <name>TA1_N_IRQHandler</name>
         <value>0x6df</value>
      </symbol>
      <symbol id="sm-48d">
         <name>TA2_0_IRQHandler</name>
         <value>0x6df</value>
      </symbol>
      <symbol id="sm-48e">
         <name>TA2_N_IRQHandler</name>
         <value>0x6df</value>
      </symbol>
      <symbol id="sm-48f">
         <name>TA3_0_IRQHandler</name>
         <value>0x6df</value>
      </symbol>
      <symbol id="sm-490">
         <name>TA3_N_IRQHandler</name>
         <value>0x6df</value>
      </symbol>
      <symbol id="sm-491">
         <name>EUSCIA0_IRQHandler</name>
         <value>0x6df</value>
      </symbol>
      <symbol id="sm-492">
         <name>EUSCIA1_IRQHandler</name>
         <value>0x6df</value>
      </symbol>
      <symbol id="sm-493">
         <name>EUSCIA2_IRQHandler</name>
         <value>0x6df</value>
      </symbol>
      <symbol id="sm-494">
         <name>EUSCIA3_IRQHandler</name>
         <value>0x6df</value>
      </symbol>
      <symbol id="sm-495">
         <name>EUSCIB0_IRQHandler</name>
         <value>0x6df</value>
      </symbol>
      <symbol id="sm-496">
         <name>EUSCIB1_IRQHandler</name>
         <value>0x6df</value>
      </symbol>
      <symbol id="sm-497">
         <name>EUSCIB2_IRQHandler</name>
         <value>0x6df</value>
      </symbol>
      <symbol id="sm-498">
         <name>EUSCIB3_IRQHandler</name>
         <value>0x6df</value>
      </symbol>
      <symbol id="sm-499">
         <name>ADC14_IRQHandler</name>
         <value>0x505</value>
      </symbol>
      <symbol id="sm-49a">
         <name>T32_INT1_IRQHandler</name>
         <value>0x6df</value>
      </symbol>
      <symbol id="sm-49b">
         <name>T32_INT2_IRQHandler</name>
         <value>0x6df</value>
      </symbol>
      <symbol id="sm-49c">
         <name>T32_INTC_IRQHandler</name>
         <value>0x6df</value>
      </symbol>
      <symbol id="sm-49d">
         <name>AES256_IRQHandler</name>
         <value>0x6df</value>
      </symbol>
      <symbol id="sm-49e">
         <name>RTC_C_IRQHandler</name>
         <value>0x6df</value>
      </symbol>
      <symbol id="sm-49f">
         <name>DMA_ERR_IRQHandler</name>
         <value>0x6df</value>
      </symbol>
      <symbol id="sm-4a0">
         <name>DMA_INT3_IRQHandler</name>
         <value>0x6df</value>
      </symbol>
      <symbol id="sm-4a1">
         <name>DMA_INT2_IRQHandler</name>
         <value>0x6df</value>
      </symbol>
      <symbol id="sm-4a2">
         <name>DMA_INT1_IRQHandler</name>
         <value>0x6df</value>
      </symbol>
      <symbol id="sm-4a3">
         <name>DMA_INT0_IRQHandler</name>
         <value>0x6df</value>
      </symbol>
      <symbol id="sm-4a4">
         <name>PORT1_IRQHandler</name>
         <value>0x6df</value>
      </symbol>
      <symbol id="sm-4a5">
         <name>PORT2_IRQHandler</name>
         <value>0x6df</value>
      </symbol>
      <symbol id="sm-4a6">
         <name>PORT3_IRQHandler</name>
         <value>0x6df</value>
      </symbol>
      <symbol id="sm-4a7">
         <name>PORT4_IRQHandler</name>
         <value>0x6df</value>
      </symbol>
      <symbol id="sm-4a8">
         <name>PORT5_IRQHandler</name>
         <value>0x6df</value>
      </symbol>
      <symbol id="sm-4a9">
         <name>PORT6_IRQHandler</name>
         <value>0x6df</value>
      </symbol>
   </symbol_table>
   <title>Link successful</title>
</link_info>
