******************************************************************************
                  TI ARM Linker PC v20.2.4                     
******************************************************************************
>> Linked Wed Feb 10 14:09:02 2021

OUTPUT FILE NAME:   <ece230capstoneCapBro.out>
ENTRY POINT SYMBOL: "_c_int00_noargs"  address: 00000db1


MEMORY CONFIGURATION

         name            origin    length      used     unused   attr    fill
----------------------  --------  ---------  --------  --------  ----  --------
  MAIN                  00000000   00040000  000011d2  0003ee2e  R  X
  INFO                  00200000   00004000  00000000  00004000  R  X
  SRAM_CODE             01000000   00010000  0000023d  0000fdc3  RW X
  SRAM_DATA             20000000   00010000  0000023d  0000fdc3  RW  


SEGMENT ALLOCATION MAP

run origin  load origin   length   init length attrs members
----------  ----------- ---------- ----------- ----- -------
00000000    00000000    000011d8   000011d8    r-x
  00000000    00000000    000000e4   000000e4    r-- .intvecs
  000000e4    000000e4    00001006   00001006    r-x .text
  000010ec    000010ec    000000b0   000000b0    r-- .const
  000011a0    000011a0    00000038   00000038    r-- .cinit
20000000    20000000    00000044   00000000    rw-
  20000000    20000000    00000029   00000000    rw- .bss
  20000030    20000030    00000014   00000000    rw- .data
2000fe00    2000fe00    00000200   00000000    rw-
  2000fe00    2000fe00    00000200   00000000    rw- .stack


SECTION ALLOCATION MAP

 output                                  attributes/
section   page    origin      length       input sections
--------  ----  ----------  ----------   ----------------
.intvecs   0    00000000    000000e4     
                  00000000    000000e4     startup_msp432p401r_ccs.obj (.intvecs:retain)

.text      0    000000e4    00001006     
                  000000e4    00000160     msp432p4xx_driverlib.lib : adc14.o (.text:_getIndexForMemRegister)
                  00000244    00000104                              : cs.o (.text:_CSComputeCLKFrequency)
                  00000348    000000f8                              : cs.o (.text:CS_getDCOFrequency)
                  00000440    000000c4     lcd.obj (.text:writeInstruction)
                  00000504    000000a8     main.obj (.text:ADC14_IRQHandler)
                  000005ac    0000009c     rtsv7M4_T_le_v4SPD16_eabi.lib : memcpy_t2.asm.obj (.text)
                  00000648    00000096                                   : ull_div_t2.asm.obj (.text)
                  000006de    00000002     startup_msp432p401r_ccs.obj (.text:Default_Handler)
                  000006e0    00000094     msp432p4xx_driverlib.lib : sysctl_a.o (.text:SysCtl_A_getTLVInfo)
                  00000774    0000007c                              : cs.o (.text:_CSGetDOCFrequency)
                  000007f0    0000007a     rtsv7M4_T_le_v4SPD16_eabi.lib : memset_t2.asm.obj (.text)
                  0000086a    00000002                                   : _lock.c.obj (.text:_nop)
                  0000086c    00000078     system_msp432p401r.obj (.text:SystemInit)
                  000008e4    00000078     delays.obj (.text:delayMicroSec)
                  0000095c    00000078     main.obj (.text:generateRandomOrder)
                  000009d4    00000070     lcd.obj (.text:initLCD)
                  00000a44    00000068     msp432p4xx_driverlib.lib : timer32.o (.text:Timer32_initModule)
                  00000aac    00000068     rtsv7M4_T_le_v4SPD16_eabi.lib : copy_decompress_lzss.c.obj (.text:decompress:lzss:__TI_decompress_lzss)
                  00000b14    00000064     lcd.obj (.text:configLCD)
                  00000b78    00000062     msp432p4xx_driverlib.lib : cs.o (.text:_CSGetDividerValue)
                  00000bda    00000002     rtsv7M4_T_le_v4SPD16_eabi.lib : div0.asm.obj (.text)
                  00000bdc    00000058     msp432p4xx_driverlib.lib : gpio.o (.text:GPIO_setAsInputPinWithPullUpResistor)
                  00000c34    00000054     main.obj (.text:setup)
                  00000c88    00000044     rtsv7M4_T_le_v4SPD16_eabi.lib : autoinit.c.obj (.text:__TI_auto_init_nobinit_nopinit:__TI_auto_init_nobinit_nopinit)
                  00000ccc    00000040     msp432p4xx_driverlib.lib : gpio.o (.text:GPIO_setAsOutputPin)
                  00000d0c    00000038                              : adc14.o (.text:ADC14_getEnabledInterruptStatus)
                  00000d44    00000038                              : timer32.o (.text:Timer32_startTimer)
                  00000d7c    00000034                              : timer32.o (.text:Timer32_setCount)
                  00000db0    00000034     rtsv7M4_T_le_v4SPD16_eabi.lib : boot_cortex_m.c.obj (.text:_c_int00_noargs:_c_int00_noargs)
                  00000de4    00000034                                   : rand.c.obj (.text:rand)
                  00000e18    00000030     msp432p4xx_driverlib.lib : adc14.o (.text:ADC14_clearInterruptFlag)
                  00000e48    00000030                              : cs.o (.text:CS_clearInterruptFlag)
                  00000e78    0000002e     lcd.obj (.text:instructionDelay)
                  00000ea6    00000002     --HOLE-- [fill = 0]
                  00000ea8    0000002c     msp432p4xx_driverlib.lib : adc14.o (.text:ADC14_getInterruptStatus)
                  00000ed4    0000002c                              : adc14.o (.text:ADC14_toggleConversionTrigger)
                  00000f00    00000028                              : adc14.o (.text:ADC14_getResult)
                  00000f28    00000028                              : cs.o (.text:CS_getMCLK)
                  00000f50    00000028                              : gpio.o (.text:GPIO_setOutputHighOnPin)
                  00000f78    00000028                              : gpio.o (.text:GPIO_setOutputLowOnPin)
                  00000fa0    00000024                              : wdt_a.o (.text:WDT_A_holdTimer)
                  00000fc4    00000024     main.obj (.text:main)
                  00000fe8    0000001c     rtsv7M4_T_le_v4SPD16_eabi.lib : copy_zero_init.c.obj (.text:decompress:ZI:__TI_zero_init_nomemset:__TI_zero_init_nomemset)
                  00001004    0000001a     lcd.obj (.text:commandInstruction)
                  0000101e    00000002     --HOLE-- [fill = 0]
                  00001020    00000018     delays.obj (.text:initDelayTimer)
                  00001038    00000018     rtsv7M4_T_le_v4SPD16_eabi.lib : ll_mul_t2.asm.obj (.text)
                  00001050    00000014     LED.obj (.text:RGBLED_init)
                  00001064    00000012     delays.obj (.text:delayMilliSec)
                  00001076    00000010     msp432p4xx_driverlib.lib : interrupt.o (.text:Interrupt_enableMaster)
                  00001086    00000002     --HOLE-- [fill = 0]
                  00001088    00000010                              : systick.o (.text:SysTick_disableModule)
                  00001098    00000010                              : systick.o (.text:SysTick_enableModule)
                  000010a8    0000000e     rtsv7M4_T_le_v4SPD16_eabi.lib : copy_decompress_none.c.obj (.text:decompress:none:__TI_decompress_none)
                  000010b6    0000000c     msp432p4xx_driverlib.lib : cpu.o (.text:CPU_cpsie)
                  000010c2    0000000c     startup_msp432p401r_ccs.obj (.text:Reset_Handler)
                  000010ce    0000000c     Switches.obj (.text:Switch_init)
                  000010da    00000008     LED.obj (.text:LED_init)
                  000010e2    00000004     rtsv7M4_T_le_v4SPD16_eabi.lib : pre_init.c.obj (.text:_system_pre_init)
                  000010e6    00000004                                   : exit.c.obj (.text:abort:abort)

.const     0    000010ec    000000b0     
                  000010ec    00000080     msp432p4xx_driverlib.lib : adc14.o (.const:_ctlRegs)
                  0000116c    00000030                              : gpio.o (.const:GPIO_PORT_TO_BASE)

.cinit     0    000011a0    00000038     
                  000011a0    00000010     (.cinit..data.load) [load image, compression = lzss]
                  000011b0    0000000c     (__TI_handler_table)
                  000011bc    00000004     --HOLE-- [fill = 0]
                  000011c0    00000008     (.cinit..bss.load) [load image, compression = zero_init]
                  000011c8    00000010     (__TI_cinit_table)

.init_array 
*          0    00000000    00000000     UNINITIALIZED

.binit     0    00000000    00000000     

.bss       0    20000000    00000029     UNINITIALIZED
                  20000000    00000008     msp432p4xx_driverlib.lib : cs.o (.bss)
                  20000008    00000008     main.obj (.bss:taskList)
                  20000010    00000004     main.obj (.bss)
                  20000014    00000004     (.common:DB_Port)
                  20000018    00000004     (.common:EN_Pin)
                  2000001c    00000004     (.common:EN_Port)
                  20000020    00000004     (.common:RS_Pin)
                  20000024    00000004     (.common:RS_Port)
                  20000028    00000001     (.common:currentTask)

.data      0    20000030    00000014     UNINITIALIZED
                  20000030    00000008     rtsv7M4_T_le_v4SPD16_eabi.lib : _lock.c.obj (.data:$O1$$)
                  20000038    00000008     delays.obj (.data)
                  20000040    00000004     rtsv7M4_T_le_v4SPD16_eabi.lib : rand.c.obj (.data)

.stack     0    2000fe00    00000200     UNINITIALIZED
                  2000fe00    00000004     rtsv7M4_T_le_v4SPD16_eabi.lib : boot_cortex_m.c.obj (.stack)
                  2000fe04    000001fc     --HOLE--

__llvm_prf_cnts 
*          0    20000000    00000000     UNINITIALIZED

MODULE SUMMARY

       Module                        code   ro data   rw data
       ------                        ----   -------   -------
    .\
       lcd.obj                       480    0         40     
       main.obj                      408    0         26     
       delays.obj                    162    0         16     
       system_msp432p401r.obj        120    0         0      
       LED.obj                       28     0         0      
       Switches.obj                  12     0         0      
    +--+-----------------------------+------+---------+---------+
       Total:                        1210   0         82     
                                                             
    .\ccs\
       startup_msp432p401r_ccs.obj   14     228       0      
    +--+-----------------------------+------+---------+---------+
       Total:                        14     228       0      
                                                             
    C:/ti/simplelink_msp432p4_sdk_3_40_01_02/source/ti/devices/msp432p4xx/driverlib/ccs/msp432p4xx_driverlib.lib
       cs.o                          818    0         16     
       adc14.o                       584    128       0      
       gpio.o                        232    48        0      
       timer32.o                     212    0         0      
       sysctl_a.o                    148    0         0      
       wdt_a.o                       36     0         0      
       systick.o                     32     0         0      
       interrupt.o                   16     0         0      
       cpu.o                         12     0         0      
    +--+-----------------------------+------+---------+---------+
       Total:                        2090   176       16     
                                                             
    C:\ti\ccs1011\ccs\tools\compiler\ti-cgt-arm_20.2.4.LTS\lib\rtsv7M4_T_le_v4SPD16_eabi.lib
       memcpy_t2.asm.obj             156    0         0      
       ull_div_t2.asm.obj            150    0         0      
       memset_t2.asm.obj             122    0         0      
       copy_decompress_lzss.c.obj    104    0         0      
       autoinit.c.obj                68     0         0      
       rand.c.obj                    52     0         8      
       boot_cortex_m.c.obj           52     0         0      
       copy_zero_init.c.obj          28     0         0      
       ll_mul_t2.asm.obj             24     0         0      
       _lock.c.obj                   2      0         16     
       copy_decompress_none.c.obj    14     0         0      
       exit.c.obj                    4      0         0      
       pre_init.c.obj                4      0         0      
       div0.asm.obj                  2      0         0      
    +--+-----------------------------+------+---------+---------+
       Total:                        782    0         24     
                                                             
       Stack:                        0      0         1024   
       Linker Generated:             0      52        0      
    +--+-----------------------------+------+---------+---------+
       Grand Total:                  4096   456       1146   


LINKER GENERATED COPY TABLES

__TI_cinit_table @ 000011c8 records: 2, size/record: 8, table size: 16
	.data: load addr=000011a0, load size=00000010 bytes, run addr=20000030, run size=00000014 bytes, compression=lzss
	.bss: load addr=000011c0, load size=00000008 bytes, run addr=20000000, run size=00000029 bytes, compression=zero_init


LINKER GENERATED HANDLER TABLE

__TI_handler_table @ 000011b0 records: 3, size/record: 4, table size: 12
	index: 0, handler: __TI_decompress_lzss
	index: 1, handler: __TI_decompress_none
	index: 2, handler: __TI_zero_init


GLOBAL SYMBOLS: SORTED ALPHABETICALLY BY Name 

address   name                                
-------   ----                                
00000505  ADC14_IRQHandler                    
00000505  ADC14_IRQHandler                    
00000e19  ADC14_clearInterruptFlag            
00000d0d  ADC14_getEnabledInterruptStatus     
00000ea9  ADC14_getInterruptStatus            
00000f01  ADC14_getResult                     
00000ed5  ADC14_toggleConversionTrigger       
000006df  AES256_IRQHandler                   
000006df  BusFault_Handler                    
000010e7  C$$EXIT                             
000006df  COMP_E0_IRQHandler                  
000006df  COMP_E1_IRQHandler                  
000010b7  CPU_cpsie                           
000006df  CS_IRQHandler                       
00000e49  CS_clearInterruptFlag               
00000349  CS_getDCOFrequency                  
00000f29  CS_getMCLK                          
20000014  DB_Port                             
000006df  DMA_ERR_IRQHandler                  
000006df  DMA_INT0_IRQHandler                 
000006df  DMA_INT1_IRQHandler                 
000006df  DMA_INT2_IRQHandler                 
000006df  DMA_INT3_IRQHandler                 
000006df  DebugMon_Handler                    
000006df  Default_Handler                     
20000018  EN_Pin                              
2000001c  EN_Port                             
000006df  EUSCIA0_IRQHandler                  
000006df  EUSCIA1_IRQHandler                  
000006df  EUSCIA2_IRQHandler                  
000006df  EUSCIA3_IRQHandler                  
000006df  EUSCIB0_IRQHandler                  
000006df  EUSCIB1_IRQHandler                  
000006df  EUSCIB2_IRQHandler                  
000006df  EUSCIB3_IRQHandler                  
000006df  FLCTL_IRQHandler                    
000006df  FPU_IRQHandler                      
00000bdd  GPIO_setAsInputPinWithPullUpResistor
00000ccd  GPIO_setAsOutputPin                 
00000f51  GPIO_setOutputHighOnPin             
00000f79  GPIO_setOutputLowOnPin              
000006df  HardFault_Handler                   
00001077  Interrupt_enableMaster              
000010db  LED_init                            
000006df  MemManage_Handler                   
000006df  NMI_Handler                         
000006df  PCM_IRQHandler                      
000006df  PORT1_IRQHandler                    
000006df  PORT2_IRQHandler                    
000006df  PORT3_IRQHandler                    
000006df  PORT4_IRQHandler                    
000006df  PORT5_IRQHandler                    
000006df  PORT6_IRQHandler                    
000006df  PSS_IRQHandler                      
000006df  PendSV_Handler                      
00001051  RGBLED_init                         
20000020  RS_Pin                              
20000024  RS_Port                             
000006df  RTC_C_IRQHandler                    
000010c3  Reset_Handler                       
000006df  SVC_Handler                         
000010cf  Switch_init                         
000006e1  SysCtl_A_getTLVInfo                 
000006df  SysTick_Handler                     
00001089  SysTick_disableModule               
00001099  SysTick_enableModule                
0000086d  SystemInit                          
000006df  T32_INT1_IRQHandler                 
000006df  T32_INT2_IRQHandler                 
000006df  T32_INTC_IRQHandler                 
000006df  TA0_0_IRQHandler                    
000006df  TA0_N_IRQHandler                    
000006df  TA1_0_IRQHandler                    
000006df  TA1_N_IRQHandler                    
000006df  TA2_0_IRQHandler                    
000006df  TA2_N_IRQHandler                    
000006df  TA3_0_IRQHandler                    
000006df  TA3_N_IRQHandler                    
00000a45  Timer32_initModule                  
00000d7d  Timer32_setCount                    
00000d45  Timer32_startTimer                  
000006df  UsageFault_Handler                  
4000480c  WDTCTL_SYM                          
000006df  WDT_A_IRQHandler                    
00000fa1  WDT_A_holdTimer                     
20010000  __STACK_END                         
00000200  __STACK_SIZE                        
000011c8  __TI_CINIT_Base                     
000011d8  __TI_CINIT_Limit                    
000011b0  __TI_Handler_Table_Base             
000011bc  __TI_Handler_Table_Limit            
00000c89  __TI_auto_init_nobinit_nopinit      
00000aad  __TI_decompress_lzss                
000010a9  __TI_decompress_none                
ffffffff  __TI_pprof_out_hndl                 
ffffffff  __TI_prof_data_size                 
ffffffff  __TI_prof_data_start                
00000000  __TI_static_base__                  
00000fe9  __TI_zero_init_nomemset             
00000bdb  __aeabi_idiv0                       
00000bdb  __aeabi_ldiv0                       
00001039  __aeabi_lmul                        
000007f1  __aeabi_memclr                      
000007f1  __aeabi_memclr4                     
000007f1  __aeabi_memclr8                     
000005ad  __aeabi_memcpy                      
000005ad  __aeabi_memcpy4                     
000005ad  __aeabi_memcpy8                     
000007f3  __aeabi_memset                      
000007f3  __aeabi_memset4                     
000007f3  __aeabi_memset8                     
00000649  __aeabi_uldivmod                    
ffffffff  __binit__                           
ffffffff  __c_args__                          
UNDEFED   __mpu_init                          
2000fe00  __stack                             
20000000  __start___llvm_prf_cnts             
20000000  __stop___llvm_prf_cnts              
00000db1  _c_int00_noargs                     
20000030  _lock                               
0000086b  _nop                                
UNDEFED   _system_post_cinit                  
000010e3  _system_pre_init                    
20000034  _unlock                             
000010e7  abort                               
ffffffff  binit                               
00001005  commandInstruction                  
00000b15  configLCD                           
20000028  currentTask                         
000008e5  delayMicroSec                       
00001065  delayMilliSec                       
0000095d  generateRandomOrder                 
00001021  initDelayTimer                      
000009d5  initLCD                             
00000e79  instructionDelay                    
00000000  interruptVectors                    
00000fc5  main                                
000005ad  memcpy                              
000007f9  memset                              
00000de5  rand                                
00000c35  setup                               
20000038  sysClkFreq                          
00000441  writeInstruction                    


GLOBAL SYMBOLS: SORTED BY Symbol Address 

address   name                                
-------   ----                                
00000000  __TI_static_base__                  
00000000  interruptVectors                    
00000200  __STACK_SIZE                        
00000349  CS_getDCOFrequency                  
00000441  writeInstruction                    
00000505  ADC14_IRQHandler                    
00000505  ADC14_IRQHandler                    
000005ad  __aeabi_memcpy                      
000005ad  __aeabi_memcpy4                     
000005ad  __aeabi_memcpy8                     
000005ad  memcpy                              
00000649  __aeabi_uldivmod                    
000006df  AES256_IRQHandler                   
000006df  BusFault_Handler                    
000006df  COMP_E0_IRQHandler                  
000006df  COMP_E1_IRQHandler                  
000006df  CS_IRQHandler                       
000006df  DMA_ERR_IRQHandler                  
000006df  DMA_INT0_IRQHandler                 
000006df  DMA_INT1_IRQHandler                 
000006df  DMA_INT2_IRQHandler                 
000006df  DMA_INT3_IRQHandler                 
000006df  DebugMon_Handler                    
000006df  Default_Handler                     
000006df  EUSCIA0_IRQHandler                  
000006df  EUSCIA1_IRQHandler                  
000006df  EUSCIA2_IRQHandler                  
000006df  EUSCIA3_IRQHandler                  
000006df  EUSCIB0_IRQHandler                  
000006df  EUSCIB1_IRQHandler                  
000006df  EUSCIB2_IRQHandler                  
000006df  EUSCIB3_IRQHandler                  
000006df  FLCTL_IRQHandler                    
000006df  FPU_IRQHandler                      
000006df  HardFault_Handler                   
000006df  MemManage_Handler                   
000006df  NMI_Handler                         
000006df  PCM_IRQHandler                      
000006df  PORT1_IRQHandler                    
000006df  PORT2_IRQHandler                    
000006df  PORT3_IRQHandler                    
000006df  PORT4_IRQHandler                    
000006df  PORT5_IRQHandler                    
000006df  PORT6_IRQHandler                    
000006df  PSS_IRQHandler                      
000006df  PendSV_Handler                      
000006df  RTC_C_IRQHandler                    
000006df  SVC_Handler                         
000006df  SysTick_Handler                     
000006df  T32_INT1_IRQHandler                 
000006df  T32_INT2_IRQHandler                 
000006df  T32_INTC_IRQHandler                 
000006df  TA0_0_IRQHandler                    
000006df  TA0_N_IRQHandler                    
000006df  TA1_0_IRQHandler                    
000006df  TA1_N_IRQHandler                    
000006df  TA2_0_IRQHandler                    
000006df  TA2_N_IRQHandler                    
000006df  TA3_0_IRQHandler                    
000006df  TA3_N_IRQHandler                    
000006df  UsageFault_Handler                  
000006df  WDT_A_IRQHandler                    
000006e1  SysCtl_A_getTLVInfo                 
000007f1  __aeabi_memclr                      
000007f1  __aeabi_memclr4                     
000007f1  __aeabi_memclr8                     
000007f3  __aeabi_memset                      
000007f3  __aeabi_memset4                     
000007f3  __aeabi_memset8                     
000007f9  memset                              
0000086b  _nop                                
0000086d  SystemInit                          
000008e5  delayMicroSec                       
0000095d  generateRandomOrder                 
000009d5  initLCD                             
00000a45  Timer32_initModule                  
00000aad  __TI_decompress_lzss                
00000b15  configLCD                           
00000bdb  __aeabi_idiv0                       
00000bdb  __aeabi_ldiv0                       
00000bdd  GPIO_setAsInputPinWithPullUpResistor
00000c35  setup                               
00000c89  __TI_auto_init_nobinit_nopinit      
00000ccd  GPIO_setAsOutputPin                 
00000d0d  ADC14_getEnabledInterruptStatus     
00000d45  Timer32_startTimer                  
00000d7d  Timer32_setCount                    
00000db1  _c_int00_noargs                     
00000de5  rand                                
00000e19  ADC14_clearInterruptFlag            
00000e49  CS_clearInterruptFlag               
00000e79  instructionDelay                    
00000ea9  ADC14_getInterruptStatus            
00000ed5  ADC14_toggleConversionTrigger       
00000f01  ADC14_getResult                     
00000f29  CS_getMCLK                          
00000f51  GPIO_setOutputHighOnPin             
00000f79  GPIO_setOutputLowOnPin              
00000fa1  WDT_A_holdTimer                     
00000fc5  main                                
00000fe9  __TI_zero_init_nomemset             
00001005  commandInstruction                  
00001021  initDelayTimer                      
00001039  __aeabi_lmul                        
00001051  RGBLED_init                         
00001065  delayMilliSec                       
00001077  Interrupt_enableMaster              
00001089  SysTick_disableModule               
00001099  SysTick_enableModule                
000010a9  __TI_decompress_none                
000010b7  CPU_cpsie                           
000010c3  Reset_Handler                       
000010cf  Switch_init                         
000010db  LED_init                            
000010e3  _system_pre_init                    
000010e7  C$$EXIT                             
000010e7  abort                               
000011b0  __TI_Handler_Table_Base             
000011bc  __TI_Handler_Table_Limit            
000011c8  __TI_CINIT_Base                     
000011d8  __TI_CINIT_Limit                    
20000000  __start___llvm_prf_cnts             
20000000  __stop___llvm_prf_cnts              
20000014  DB_Port                             
20000018  EN_Pin                              
2000001c  EN_Port                             
20000020  RS_Pin                              
20000024  RS_Port                             
20000028  currentTask                         
20000030  _lock                               
20000034  _unlock                             
20000038  sysClkFreq                          
2000fe00  __stack                             
20010000  __STACK_END                         
4000480c  WDTCTL_SYM                          
ffffffff  __TI_pprof_out_hndl                 
ffffffff  __TI_prof_data_size                 
ffffffff  __TI_prof_data_start                
ffffffff  __binit__                           
ffffffff  __c_args__                          
ffffffff  binit                               
UNDEFED   __mpu_init                          
UNDEFED   _system_post_cinit                  

[143 symbols]
